==========================================================================================
Layer (type)                             Output Shape              Param #
==========================================================================================
ResNet                                   [1, 1000]                 --
|--Conv2d                                [1, 64, 32, 32]           9,408
|--BatchNorm2d                           [1, 64, 32, 32]           128
|--ReLU                                  [1, 64, 32, 32]           --
|--MaxPool2d                             [1, 64, 16, 16]           --
|--Sequential                            [1, 64, 16, 16]           --
|    |--BasicBlock                       [1, 64, 16, 16]           --
|    |    |--Conv2d                      [1, 64, 16, 16]           36,864
|    |    |--BatchNorm2d                 [1, 64, 16, 16]           128
|    |    |--ReLU                        [1, 64, 16, 16]           --
|    |    |--Conv2d                      [1, 64, 16, 16]           36,864
|    |    |--BatchNorm2d                 [1, 64, 16, 16]           128
|    |    '--ReLU                        [1, 64, 16, 16]           --
|    '--BasicBlock                       [1, 64, 16, 16]           --
|         |--Conv2d                      [1, 64, 16, 16]           36,864
|         |--BatchNorm2d                 [1, 64, 16, 16]           128
|         |--ReLU                        [1, 64, 16, 16]           --
|         |--Conv2d                      [1, 64, 16, 16]           36,864
|         |--BatchNorm2d                 [1, 64, 16, 16]           128
|         '--ReLU                        [1, 64, 16, 16]           --
|--Sequential                            [1, 128, 8, 8]            --
|    |--BasicBlock                       [1, 128, 8, 8]            --
|    |    |--Conv2d                      [1, 128, 8, 8]            73,728
|    |    |--BatchNorm2d                 [1, 128, 8, 8]            256
|    |    |--ReLU                        [1, 128, 8, 8]            --
|    |    |--Conv2d                      [1, 128, 8, 8]            147,456
|    |    |--BatchNorm2d                 [1, 128, 8, 8]            256
|    |    |--Sequential                  [1, 128, 8, 8]            8,448
|    |    '--ReLU                        [1, 128, 8, 8]            --
|    '--BasicBlock                       [1, 128, 8, 8]            --
|         |--Conv2d                      [1, 128, 8, 8]            147,456
|         |--BatchNorm2d                 [1, 128, 8, 8]            256
|         |--ReLU                        [1, 128, 8, 8]            --
|         |--Conv2d                      [1, 128, 8, 8]            147,456
|         |--BatchNorm2d                 [1, 128, 8, 8]            256
|         '--ReLU                        [1, 128, 8, 8]            --
|--Sequential                            [1, 256, 4, 4]            --
|    |--BasicBlock                       [1, 256, 4, 4]            --
|    |    |--Conv2d                      [1, 256, 4, 4]            294,912
|    |    |--BatchNorm2d                 [1, 256, 4, 4]            512
|    |    |--ReLU                        [1, 256, 4, 4]            --
|    |    |--Conv2d                      [1, 256, 4, 4]            589,824
|    |    |--BatchNorm2d                 [1, 256, 4, 4]            512
|    |    |--Sequential                  [1, 256, 4, 4]            33,280
|    |    '--ReLU                        [1, 256, 4, 4]            --
|    '--BasicBlock                       [1, 256, 4, 4]            --
|         |--Conv2d                      [1, 256, 4, 4]            589,824
|         |--BatchNorm2d                 [1, 256, 4, 4]            512
|         |--ReLU                        [1, 256, 4, 4]            --
|         |--Conv2d                      [1, 256, 4, 4]            589,824
|         |--BatchNorm2d                 [1, 256, 4, 4]            512
|         '--ReLU                        [1, 256, 4, 4]            --
|--Sequential                            [1, 512, 2, 2]            --
|    |--BasicBlock                       [1, 512, 2, 2]            --
|    |    |--Conv2d                      [1, 512, 2, 2]            1,179,648
|    |    |--BatchNorm2d                 [1, 512, 2, 2]            1,024
|    |    |--ReLU                        [1, 512, 2, 2]            --
|    |    |--Conv2d                      [1, 512, 2, 2]            2,359,296
|    |    |--BatchNorm2d                 [1, 512, 2, 2]            1,024
|    |    |--Sequential                  [1, 512, 2, 2]            132,096
|    |    '--ReLU                        [1, 512, 2, 2]            --
|    '--BasicBlock                       [1, 512, 2, 2]            --
|         |--Conv2d                      [1, 512, 2, 2]            2,359,296
|         |--BatchNorm2d                 [1, 512, 2, 2]            1,024
|         |--ReLU                        [1, 512, 2, 2]            --
|         |--Conv2d                      [1, 512, 2, 2]            2,359,296
|         |--BatchNorm2d                 [1, 512, 2, 2]            1,024
|         '--ReLU                        [1, 512, 2, 2]            --
|--AdaptiveAvgPool2d                     [1, 512, 1, 1]            --
'--Linear                                [1, 1000]                 513,000
==========================================================================================
Total params: 11,689,512
Trainable params: 11,689,512
Non-trainable params: 0
Total mult-adds (M): 148.57
==========================================================================================
Input size (MB): 0.05
Forward/backward pass size (MB): 3.25
Params size (MB): 46.76
Estimated Total Size (MB): 50.06
==========================================================================================
