===================================================================================================================
Layer (type:depth-idx)                   Output Shape              Param #                   Kernel Shape
===================================================================================================================
AutoEncoder                              [1, 3, 64, 64]            --                        --
├─Sequential: 1-1                        [1, 16, 64, 64]           --                        --
│    ├─Conv2d: 2-1                       [1, 16, 64, 64]           448                       [3, 3]
│    └─ReLU: 2-2                         [1, 16, 64, 64]           --                        --
├─MaxPool2d: 1-2                         [1, 16, 32, 32]           --                        2
├─MaxUnpool2d: 1-3                       [1, 16, 64, 64]           --                        [2, 2]
└─Sequential: 1-4                        [1, 3, 64, 64]            --                        --
     ├─Conv2d: 2-3                       [1, 3, 64, 64]            435                       [3, 3]
     └─ReLU: 2-4                         [1, 3, 64, 64]            --                        --
===================================================================================================================
Total params: 883
Trainable params: 883
Non-trainable params: 0
Total mult-adds (M): 3.62
===================================================================================================================
Input size (MB): 0.05
Forward/backward pass size (MB): 0.62
Params size (MB): 0.00
Estimated Total Size (MB): 0.68
===================================================================================================================
