=================================================================
Layer (type:depth-idx)                   Param #
=================================================================
SingleInputNet                           --
├─Conv2d: 1-1                            260
├─Conv2d: 1-2                            5,020
├─Dropout2d: 1-3                         --
├─Linear: 1-4                            16,050
└─Linear: 1-5                            510
=================================================================
Total params: 21,840
Trainable params: 21,840
Non-trainable params: 0
=================================================================
