==========================================================================================
Layer (type:depth-idx)                   Param #                   Param %
==========================================================================================
SingleInputNet                           --                        0.00
├─Conv2d: 1-1                            260                       1.19
├─Conv2d: 1-2                            5,020                     22.99
├─Dropout2d: 1-3                         --                        0.00
├─Linear: 1-4                            16,050                    73.49
├─Linear: 1-5                            510                       2.34
==========================================================================================
Total params: 21,840
Trainable params: 21,840
Non-trainable params: 0
==========================================================================================
