==========================================================================================
Layer (type:depth-idx)                   Output Shape              Param #
==========================================================================================
SingleInputNet                           [1, 10]                   --
├─Conv2d: 1-1                            [1, 10, 24, 24]           260
├─Conv2d: 1-2                            [1, 20, 8, 8]             5,020
├─Dropout2d: 1-3                         [1, 20, 8, 8]             --
├─Linear: 1-4                            [1, 50]                   16,050
└─Linear: 1-5                            [1, 10]                   510
==========================================================================================
Total params: 21,840
Trainable params: 21,840
Non-trainable params: 0
Total mult-adds (M): 0.49
==========================================================================================
Input size (MB): 0.00
Forward/backward pass size (MB): 0.06
Params size (MB): 0.09
Estimated Total Size (MB): 0.15
==========================================================================================
