====================================================================================================
Layer (type:depth-idx)                             Output Shape              Param #
====================================================================================================
BertModel                                          [2, 768]                  --
├─BertEmbeddings: 1-1                              [2, 512, 768]             --
│    └─Embedding: 2-1                              [2, 512, 768]             23,440,896
│    └─Embedding: 2-2                              [2, 512, 768]             1,536
│    └─Embedding: 2-3                              [1, 512, 768]             393,216
│    └─LayerNorm: 2-4                              [2, 512, 768]             1,536
│    └─Dropout: 2-5                                [2, 512, 768]             --
├─BertEncoder: 1-2                                 [2, 512, 768]             --
│    └─ModuleList: 2-6                             --                        --
│    │    └─BertLayer: 3-1                         [2, 512, 768]             7,087,872
│    │    └─BertLayer: 3-2                         [2, 512, 768]             7,087,872
│    │    └─BertLayer: 3-3                         [2, 512, 768]             7,087,872
│    │    └─BertLayer: 3-4                         [2, 512, 768]             7,087,872
│    │    └─BertLayer: 3-5                         [2, 512, 768]             7,087,872
│    │    └─BertLayer: 3-6                         [2, 512, 768]             7,087,872
│    │    └─BertLayer: 3-7                         [2, 512, 768]             7,087,872
│    │    └─BertLayer: 3-8                         [2, 512, 768]             7,087,872
│    │    └─BertLayer: 3-9                         [2, 512, 768]             7,087,872
│    │    └─BertLayer: 3-10                        [2, 512, 768]             7,087,872
│    │    └─BertLayer: 3-11                        [2, 512, 768]             7,087,872
│    │    └─BertLayer: 3-12                        [2, 512, 768]             7,087,872
├─BertPooler: 1-3                                  [2, 768]                  --
│    └─Linear: 2-7                                 [2, 768]                  590,592
│    └─Tanh: 2-8                                   [2, 768]                  --
====================================================================================================
Total params: 109,482,240
Trainable params: 109,482,240
Non-trainable params: 0
Total mult-adds (M): 218.57
====================================================================================================
Input size (MB): 0.01
Forward/backward pass size (MB): 852.50
Params size (MB): 437.93
Estimated Total Size (MB): 1290.45
====================================================================================================
