==========================================================================================
Layer (type:depth-idx)                   Output Shape              Param #
==========================================================================================
MultiDeviceModel                         [5]                       --
├─Linear: 1-1                            [10]                      110
├─ReLU: 1-2                              [10]                      --
└─Linear: 1-3                            [5]                       55
==========================================================================================
Total params: 165
Trainable params: 165
Non-trainable params: 0
Total mult-adds (M): 0.00
==========================================================================================
Input size (MB): 0.00
Forward/backward pass size (MB): 0.00
Params size (MB): 0.00
Estimated Total Size (MB): 0.00
==========================================================================================
