==============================================================================================================
Layer (type:depth-idx)                                       Output Shape              Param #
==============================================================================================================
EdgeCaseModel                                                --                        --
├─Conv2d: 1-1                                                [1, 10, 24, 24]           260
├─LayerWithRidiculouslyLongNameAndDoesntDoAnything: 1-2      [1, 10, 24, 24]           --
│    └─Identity: 2-1                                         [1, 10, 24, 24]           --
==============================================================================================================
Total params: 260
Trainable params: 260
Non-trainable params: 0
Total mult-adds (M): 0.15
==============================================================================================================
Input size (MB): 0.00
Forward/backward pass size (MB): 0.05
Params size (MB): 0.00
Estimated Total Size (MB): 0.05
==============================================================================================================
