==============================================================================================================
Layer (type:depth-idx)                                       Output Shape              Param #
==============================================================================================================
T5ForConditionalGeneration                                   [3, 100, 512]             --
├─T5Stack: 1-1                                               [3, 100, 512]             35,332,800
├─T5Stack: 1-2                                               --                        (recursive)
│    └─Embedding: 2-1                                        [3, 100, 512]             16,449,536
├─T5Stack: 1-3                                               --                        (recursive)
│    └─Dropout: 2-2                                          [3, 100, 512]             --
│    └─ModuleList: 2-3                                       --                        --
│    │    └─T5Block: 3-1                                     [3, 100, 512]             2,360,512
│    │    └─T5Block: 3-2                                     [3, 100, 512]             2,360,320
│    │    └─T5Block: 3-3                                     [3, 100, 512]             2,360,320
│    │    └─T5Block: 3-4                                     [3, 100, 512]             2,360,320
│    │    └─T5Block: 3-5                                     [3, 100, 512]             2,360,320
│    │    └─T5Block: 3-6                                     [3, 100, 512]             2,360,320
│    │    └─T5Block: 3-7                                     [3, 100, 512]             2,360,320
│    │    └─T5Block: 3-8                                     [3, 100, 512]             2,360,320
│    └─T5LayerNorm: 2-4                                      [3, 100, 512]             512
│    └─Dropout: 2-5                                          [3, 100, 512]             --
├─T5Stack: 1-4                                               [3, 6, 100, 64]           16,449,536
│    └─Embedding: 2-6                                        [3, 100, 512]             (recursive)
│    └─Dropout: 2-7                                          [3, 100, 512]             --
│    └─ModuleList: 2-8                                       --                        --
│    │    └─T5Block: 3-9                                     [3, 100, 512]             3,147,456
│    │    └─T5Block: 3-10                                    [3, 100, 512]             3,147,264
│    │    └─T5Block: 3-11                                    [3, 100, 512]             3,147,264
│    │    └─T5Block: 3-12                                    [3, 100, 512]             3,147,264
│    │    └─T5Block: 3-13                                    [3, 100, 512]             3,147,264
│    │    └─T5Block: 3-14                                    [3, 100, 512]             3,147,264
│    │    └─T5Block: 3-15                                    [3, 100, 512]             3,147,264
│    │    └─T5Block: 3-16                                    [3, 100, 512]             3,147,264
│    └─T5LayerNorm: 2-9                                      [3, 100, 512]             512
│    └─Dropout: 2-10                                         [3, 100, 512]             --
├─Linear: 1-5                                                [3, 100, 32128]           16,449,536
==============================================================================================================
Total params: 128,743,488
Trainable params: 128,743,488
Non-trainable params: 0
Total mult-adds (M): 280.27
==============================================================================================================
Input size (MB): 0.01
Forward/backward pass size (MB): 326.28
Params size (MB): 307.84
Estimated Total Size (MB): 634.14
==============================================================================================================
