==========================================================================================
Layer (type:depth-idx)                   Output Shape              Param #
==========================================================================================
SingleInputNet                           [16, 10]                  --
├─Conv2d: 1-1                            [16, 10, 24, 24]          260
├─Conv2d: 1-2                            [16, 20, 8, 8]            5,020
├─Dropout2d: 1-3                         [16, 20, 8, 8]            --
├─Linear: 1-4                            [16, 50]                  16,050
├─Linear: 1-5                            [16, 10]                  510
==========================================================================================
Total params: 21,840
Trainable params: 21,840
Non-trainable params: 0
Total mult-adds: 7,801,600
==========================================================================================
Input size (MB): 0.05
Forward/backward pass size (MB): 0.91
Params size (MB): 0.09
Estimated Total Size (MB): 1.05
==========================================================================================
==========================================================================================
Layer (type:depth-idx)                   Output Shape              Param #
==========================================================================================
SingleInputNet                           [16, 10]                  --
├─Conv2d: 1-1                            [16, 10, 24, 24]          260
├─Conv2d: 1-2                            [16, 20, 8, 8]            5,020
├─Dropout2d: 1-3                         [16, 20, 8, 8]            --
├─Linear: 1-4                            [16, 50]                  16,050
├─Linear: 1-5                            [16, 10]                  510
==========================================================================================
Total params (T): 0.00
Trainable params (T): 0.00
Non-trainable params (T): 0
Total mult-adds (T): 0.00
==========================================================================================
Input size (MB): 0.05
Forward/backward pass size (MB): 0.91
Params size (MB): 0.09
Estimated Total Size (MB): 1.05
==========================================================================================
