===============================================================================================
Layer (type:depth-idx)                        Output Shape              Param #
===============================================================================================
GenotypeNetwork                               --                        --
├─Sequential: 1-1                             [2, 48, 32, 32]           --
│    ├─Conv2d: 2-1                            [2, 48, 32, 32]           1,296
│    └─BatchNorm2d: 2-2                       [2, 48, 32, 32]           96
└─ModuleList: 1-2                             --                        --
     └─Cell: 2-3                              [2, 32, 32, 32]           --
          ├─ReLUConvBN: 3-1                   [2, 32, 32, 32]           1,600
          ├─ReLUConvBN: 3-2                   [2, 32, 32, 32]           1,600
          └─ModuleList: 3-3                   --                        --
===============================================================================================
Total params: 4,592
Trainable params: 4,592
Non-trainable params: 0
Total mult-adds (M): 8.95
===============================================================================================
Input size (MB): 0.02
Forward/backward pass size (MB): 3.67
Params size (MB): 0.02
Estimated Total Size (MB): 3.71
===============================================================================================
===============================================================================================
Layer (type:depth-idx)                        Output Shape              Param #
===============================================================================================
GenotypeNetwork                               --                        --
├─Sequential: 1-1                             [2, 48, 32, 32]           --
│    ├─Conv2d: 2-1                            [2, 48, 32, 32]           1,296
│    └─BatchNorm2d: 2-2                       [2, 48, 32, 32]           96
└─ModuleList: 1-2                             --                        --
     └─Cell: 2-3                              [2, 32, 32, 32]           --
          ├─ReLUConvBN: 3-1                   [2, 32, 32, 32]           --
          │    └─Sequential: 4-1              [2, 32, 32, 32]           --
          │         ├─ReLU: 5-1               [2, 48, 32, 32]           --
          │         ├─Conv2d: 5-2             [2, 32, 32, 32]           1,536
          │         └─BatchNorm2d: 5-3        [2, 32, 32, 32]           64
          ├─ReLUConvBN: 3-2                   [2, 32, 32, 32]           --
          │    └─Sequential: 4-2              [2, 32, 32, 32]           --
          │         ├─ReLU: 5-4               [2, 48, 32, 32]           --
          │         ├─Conv2d: 5-5             [2, 32, 32, 32]           1,536
          │         └─BatchNorm2d: 5-6        [2, 32, 32, 32]           64
          └─ModuleList: 3-3                   --                        --
               ├─IdentityModel: 4-3           [2, 32, 32, 32]           --
               │    └─Identity: 5-7           [2, 32, 32, 32]           --
               └─IdentityModel: 4-4           [2, 32, 32, 32]           --
                    └─Identity: 5-8           [2, 32, 32, 32]           --
===============================================================================================
Total params: 4,592
Trainable params: 4,592
Non-trainable params: 0
Total mult-adds (M): 8.95
===============================================================================================
Input size (MB): 0.02
Forward/backward pass size (MB): 3.67
Params size (MB): 0.02
Estimated Total Size (MB): 3.71
===============================================================================================
