==========================================================================================
Layer (type:depth-idx)                   Output Shape              Param #
==========================================================================================
GoogLeNet                                --                        --
├─BasicConv2d: 1-1                       [1, 64, 56, 56]           --
│    └─Conv2d: 2-1                       [1, 64, 56, 56]           9,408
│    └─BatchNorm2d: 2-2                  [1, 64, 56, 56]           128
├─MaxPool2d: 1-2                         [1, 64, 28, 28]           --
├─BasicConv2d: 1-3                       [1, 64, 28, 28]           --
│    └─Conv2d: 2-3                       [1, 64, 28, 28]           4,096
│    └─BatchNorm2d: 2-4                  [1, 64, 28, 28]           128
├─BasicConv2d: 1-4                       [1, 192, 28, 28]          --
│    └─Conv2d: 2-5                       [1, 192, 28, 28]          110,592
│    └─BatchNorm2d: 2-6                  [1, 192, 28, 28]          384
├─MaxPool2d: 1-5                         [1, 192, 14, 14]          --
├─Inception: 1-6                         [1, 256, 14, 14]          --
│    └─BasicConv2d: 2-7                  [1, 64, 14, 14]           --
│    │    └─Conv2d: 3-1                  [1, 64, 14, 14]           12,288
│    │    └─BatchNorm2d: 3-2             [1, 64, 14, 14]           128
│    └─Sequential: 2-8                   [1, 128, 14, 14]          --
│    │    └─BasicConv2d: 3-3             [1, 96, 14, 14]           --
│    │    │    └─Conv2d: 4-1             [1, 96, 14, 14]           18,432
│    │    │    └─BatchNorm2d: 4-2        [1, 96, 14, 14]           192
│    │    └─BasicConv2d: 3-4             [1, 128, 14, 14]          --
│    │    │    └─Conv2d: 4-3             [1, 128, 14, 14]          110,592
│    │    │    └─BatchNorm2d: 4-4        [1, 128, 14, 14]          256
│    └─Sequential: 2-9                   [1, 32, 14, 14]           --
│    │    └─BasicConv2d: 3-5             [1, 16, 14, 14]           --
│    │    │    └─Conv2d: 4-5             [1, 16, 14, 14]           3,072
│    │    │    └─BatchNorm2d: 4-6        [1, 16, 14, 14]           32
│    │    └─BasicConv2d: 3-6             [1, 32, 14, 14]           --
│    │    │    └─Conv2d: 4-7             [1, 32, 14, 14]           4,608
│    │    │    └─BatchNorm2d: 4-8        [1, 32, 14, 14]           64
│    └─Sequential: 2-10                  [1, 32, 14, 14]           --
│    │    └─MaxPool2d: 3-7               [1, 192, 14, 14]          --
│    │    └─BasicConv2d: 3-8             [1, 32, 14, 14]           --
│    │    │    └─Conv2d: 4-9             [1, 32, 14, 14]           6,144
│    │    │    └─BatchNorm2d: 4-10       [1, 32, 14, 14]           64
├─Inception: 1-7                         [1, 480, 14, 14]          --
│    └─BasicConv2d: 2-11                 [1, 128, 14, 14]          --
│    │    └─Conv2d: 3-9                  [1, 128, 14, 14]          32,768
│    │    └─BatchNorm2d: 3-10            [1, 128, 14, 14]          256
│    └─Sequential: 2-12                  [1, 192, 14, 14]          --
│    │    └─BasicConv2d: 3-11            [1, 128, 14, 14]          --
│    │    │    └─Conv2d: 4-11            [1, 128, 14, 14]          32,768
│    │    │    └─BatchNorm2d: 4-12       [1, 128, 14, 14]          256
│    │    └─BasicConv2d: 3-12            [1, 192, 14, 14]          --
│    │    │    └─Conv2d: 4-13            [1, 192, 14, 14]          221,184
│    │    │    └─BatchNorm2d: 4-14       [1, 192, 14, 14]          384
│    └─Sequential: 2-13                  [1, 96, 14, 14]           --
│    │    └─BasicConv2d: 3-13            [1, 32, 14, 14]           --
│    │    │    └─Conv2d: 4-15            [1, 32, 14, 14]           8,192
│    │    │    └─BatchNorm2d: 4-16       [1, 32, 14, 14]           64
│    │    └─BasicConv2d: 3-14            [1, 96, 14, 14]           --
│    │    │    └─Conv2d: 4-17            [1, 96, 14, 14]           27,648
│    │    │    └─BatchNorm2d: 4-18       [1, 96, 14, 14]           192
│    └─Sequential: 2-14                  [1, 64, 14, 14]           --
│    │    └─MaxPool2d: 3-15              [1, 256, 14, 14]          --
│    │    └─BasicConv2d: 3-16            [1, 64, 14, 14]           --
│    │    │    └─Conv2d: 4-19            [1, 64, 14, 14]           16,384
│    │    │    └─BatchNorm2d: 4-20       [1, 64, 14, 14]           128
├─MaxPool2d: 1-8                         [1, 480, 7, 7]            --
├─Inception: 1-9                         [1, 512, 7, 7]            --
│    └─BasicConv2d: 2-15                 [1, 192, 7, 7]            --
│    │    └─Conv2d: 3-17                 [1, 192, 7, 7]            92,160
│    │    └─BatchNorm2d: 3-18            [1, 192, 7, 7]            384
│    └─Sequential: 2-16                  [1, 208, 7, 7]            --
│    │    └─BasicConv2d: 3-19            [1, 96, 7, 7]             --
│    │    │    └─Conv2d: 4-21            [1, 96, 7, 7]             46,080
│    │    │    └─BatchNorm2d: 4-22       [1, 96, 7, 7]             192
│    │    └─BasicConv2d: 3-20            [1, 208, 7, 7]            --
│    │    │    └─Conv2d: 4-23            [1, 208, 7, 7]            179,712
│    │    │    └─BatchNorm2d: 4-24       [1, 208, 7, 7]            416
│    └─Sequential: 2-17                  [1, 48, 7, 7]             --
│    │    └─BasicConv2d: 3-21            [1, 16, 7, 7]             --
│    │    │    └─Conv2d: 4-25            [1, 16, 7, 7]             7,680
│    │    │    └─BatchNorm2d: 4-26       [1, 16, 7, 7]             32
│    │    └─BasicConv2d: 3-22            [1, 48, 7, 7]             --
│    │    │    └─Conv2d: 4-27            [1, 48, 7, 7]             6,912
│    │    │    └─BatchNorm2d: 4-28       [1, 48, 7, 7]             96
│    └─Sequential: 2-18                  [1, 64, 7, 7]             --
│    │    └─MaxPool2d: 3-23              [1, 480, 7, 7]            --
│    │    └─BasicConv2d: 3-24            [1, 64, 7, 7]             --
│    │    │    └─Conv2d: 4-29            [1, 64, 7, 7]             30,720
│    │    │    └─BatchNorm2d: 4-30       [1, 64, 7, 7]             128
├─Inception: 1-10                        [1, 512, 7, 7]            --
│    └─BasicConv2d: 2-19                 [1, 160, 7, 7]            --
│    │    └─Conv2d: 3-25                 [1, 160, 7, 7]            81,920
│    │    └─BatchNorm2d: 3-26            [1, 160, 7, 7]            320
│    └─Sequential: 2-20                  [1, 224, 7, 7]            --
│    │    └─BasicConv2d: 3-27            [1, 112, 7, 7]            --
│    │    │    └─Conv2d: 4-31            [1, 112, 7, 7]            57,344
│    │    │    └─BatchNorm2d: 4-32       [1, 112, 7, 7]            224
│    │    └─BasicConv2d: 3-28            [1, 224, 7, 7]            --
│    │    │    └─Conv2d: 4-33            [1, 224, 7, 7]            225,792
│    │    │    └─BatchNorm2d: 4-34       [1, 224, 7, 7]            448
│    └─Sequential: 2-21                  [1, 64, 7, 7]             --
│    │    └─BasicConv2d: 3-29            [1, 24, 7, 7]             --
│    │    │    └─Conv2d: 4-35            [1, 24, 7, 7]             12,288
│    │    │    └─BatchNorm2d: 4-36       [1, 24, 7, 7]             48
│    │    └─BasicConv2d: 3-30            [1, 64, 7, 7]             --
│    │    │    └─Conv2d: 4-37            [1, 64, 7, 7]             13,824
│    │    │    └─BatchNorm2d: 4-38       [1, 64, 7, 7]             128
│    └─Sequential: 2-22                  [1, 64, 7, 7]             --
│    │    └─MaxPool2d: 3-31              [1, 512, 7, 7]            --
│    │    └─BasicConv2d: 3-32            [1, 64, 7, 7]             --
│    │    │    └─Conv2d: 4-39            [1, 64, 7, 7]             32,768
│    │    │    └─BatchNorm2d: 4-40       [1, 64, 7, 7]             128
├─Inception: 1-11                        [1, 512, 7, 7]            --
│    └─BasicConv2d: 2-23                 [1, 128, 7, 7]            --
│    │    └─Conv2d: 3-33                 [1, 128, 7, 7]            65,536
│    │    └─BatchNorm2d: 3-34            [1, 128, 7, 7]            256
│    └─Sequential: 2-24                  [1, 256, 7, 7]            --
│    │    └─BasicConv2d: 3-35            [1, 128, 7, 7]            --
│    │    │    └─Conv2d: 4-41            [1, 128, 7, 7]            65,536
│    │    │    └─BatchNorm2d: 4-42       [1, 128, 7, 7]            256
│    │    └─BasicConv2d: 3-36            [1, 256, 7, 7]            --
│    │    │    └─Conv2d: 4-43            [1, 256, 7, 7]            294,912
│    │    │    └─BatchNorm2d: 4-44       [1, 256, 7, 7]            512
│    └─Sequential: 2-25                  [1, 64, 7, 7]             --
│    │    └─BasicConv2d: 3-37            [1, 24, 7, 7]             --
│    │    │    └─Conv2d: 4-45            [1, 24, 7, 7]             12,288
│    │    │    └─BatchNorm2d: 4-46       [1, 24, 7, 7]             48
│    │    └─BasicConv2d: 3-38            [1, 64, 7, 7]             --
│    │    │    └─Conv2d: 4-47            [1, 64, 7, 7]             13,824
│    │    │    └─BatchNorm2d: 4-48       [1, 64, 7, 7]             128
│    └─Sequential: 2-26                  [1, 64, 7, 7]             --
│    │    └─MaxPool2d: 3-39              [1, 512, 7, 7]            --
│    │    └─BasicConv2d: 3-40            [1, 64, 7, 7]             --
│    │    │    └─Conv2d: 4-49            [1, 64, 7, 7]             32,768
│    │    │    └─BatchNorm2d: 4-50       [1, 64, 7, 7]             128
├─Inception: 1-12                        [1, 528, 7, 7]            --
│    └─BasicConv2d: 2-27                 [1, 112, 7, 7]            --
│    │    └─Conv2d: 3-41                 [1, 112, 7, 7]            57,344
│    │    └─BatchNorm2d: 3-42            [1, 112, 7, 7]            224
│    └─Sequential: 2-28                  [1, 288, 7, 7]            --
│    │    └─BasicConv2d: 3-43            [1, 144, 7, 7]            --
│    │    │    └─Conv2d: 4-51            [1, 144, 7, 7]            73,728
│    │    │    └─BatchNorm2d: 4-52       [1, 144, 7, 7]            288
│    │    └─BasicConv2d: 3-44            [1, 288, 7, 7]            --
│    │    │    └─Conv2d: 4-53            [1, 288, 7, 7]            373,248
│    │    │    └─BatchNorm2d: 4-54       [1, 288, 7, 7]            576
│    └─Sequential: 2-29                  [1, 64, 7, 7]             --
│    │    └─BasicConv2d: 3-45            [1, 32, 7, 7]             --
│    │    │    └─Conv2d: 4-55            [1, 32, 7, 7]             16,384
│    │    │    └─BatchNorm2d: 4-56       [1, 32, 7, 7]             64
│    │    └─BasicConv2d: 3-46            [1, 64, 7, 7]             --
│    │    │    └─Conv2d: 4-57            [1, 64, 7, 7]             18,432
│    │    │    └─BatchNorm2d: 4-58       [1, 64, 7, 7]             128
│    └─Sequential: 2-30                  [1, 64, 7, 7]             --
│    │    └─MaxPool2d: 3-47              [1, 512, 7, 7]            --
│    │    └─BasicConv2d: 3-48            [1, 64, 7, 7]             --
│    │    │    └─Conv2d: 4-59            [1, 64, 7, 7]             32,768
│    │    │    └─BatchNorm2d: 4-60       [1, 64, 7, 7]             128
├─Inception: 1-13                        [1, 832, 7, 7]            --
│    └─BasicConv2d: 2-31                 [1, 256, 7, 7]            --
│    │    └─Conv2d: 3-49                 [1, 256, 7, 7]            135,168
│    │    └─BatchNorm2d: 3-50            [1, 256, 7, 7]            512
│    └─Sequential: 2-32                  [1, 320, 7, 7]            --
│    │    └─BasicConv2d: 3-51            [1, 160, 7, 7]            --
│    │    │    └─Conv2d: 4-61            [1, 160, 7, 7]            84,480
│    │    │    └─BatchNorm2d: 4-62       [1, 160, 7, 7]            320
│    │    └─BasicConv2d: 3-52            [1, 320, 7, 7]            --
│    │    │    └─Conv2d: 4-63            [1, 320, 7, 7]            460,800
│    │    │    └─BatchNorm2d: 4-64       [1, 320, 7, 7]            640
│    └─Sequential: 2-33                  [1, 128, 7, 7]            --
│    │    └─BasicConv2d: 3-53            [1, 32, 7, 7]             --
│    │    │    └─Conv2d: 4-65            [1, 32, 7, 7]             16,896
│    │    │    └─BatchNorm2d: 4-66       [1, 32, 7, 7]             64
│    │    └─BasicConv2d: 3-54            [1, 128, 7, 7]            --
│    │    │    └─Conv2d: 4-67            [1, 128, 7, 7]            36,864
│    │    │    └─BatchNorm2d: 4-68       [1, 128, 7, 7]            256
│    └─Sequential: 2-34                  [1, 128, 7, 7]            --
│    │    └─MaxPool2d: 3-55              [1, 528, 7, 7]            --
│    │    └─BasicConv2d: 3-56            [1, 128, 7, 7]            --
│    │    │    └─Conv2d: 4-69            [1, 128, 7, 7]            67,584
│    │    │    └─BatchNorm2d: 4-70       [1, 128, 7, 7]            256
├─MaxPool2d: 1-14                        [1, 832, 4, 4]            --
├─Inception: 1-15                        [1, 832, 4, 4]            --
│    └─BasicConv2d: 2-35                 [1, 256, 4, 4]            --
│    │    └─Conv2d: 3-57                 [1, 256, 4, 4]            212,992
│    │    └─BatchNorm2d: 3-58            [1, 256, 4, 4]            512
│    └─Sequential: 2-36                  [1, 320, 4, 4]            --
│    │    └─BasicConv2d: 3-59            [1, 160, 4, 4]            --
│    │    │    └─Conv2d: 4-71            [1, 160, 4, 4]            133,120
│    │    │    └─BatchNorm2d: 4-72       [1, 160, 4, 4]            320
│    │    └─BasicConv2d: 3-60            [1, 320, 4, 4]            --
│    │    │    └─Conv2d: 4-73            [1, 320, 4, 4]            460,800
│    │    │    └─BatchNorm2d: 4-74       [1, 320, 4, 4]            640
│    └─Sequential: 2-37                  [1, 128, 4, 4]            --
│    │    └─BasicConv2d: 3-61            [1, 32, 4, 4]             --
│    │    │    └─Conv2d: 4-75            [1, 32, 4, 4]             26,624
│    │    │    └─BatchNorm2d: 4-76       [1, 32, 4, 4]             64
│    │    └─BasicConv2d: 3-62            [1, 128, 4, 4]            --
│    │    │    └─Conv2d: 4-77            [1, 128, 4, 4]            36,864
│    │    │    └─BatchNorm2d: 4-78       [1, 128, 4, 4]            256
│    └─Sequential: 2-38                  [1, 128, 4, 4]            --
│    │    └─MaxPool2d: 3-63              [1, 832, 4, 4]            --
│    │    └─BasicConv2d: 3-64            [1, 128, 4, 4]            --
│    │    │    └─Conv2d: 4-79            [1, 128, 4, 4]            106,496
│    │    │    └─BatchNorm2d: 4-80       [1, 128, 4, 4]            256
├─Inception: 1-16                        [1, 1024, 4, 4]           --
│    └─BasicConv2d: 2-39                 [1, 384, 4, 4]            --
│    │    └─Conv2d: 3-65                 [1, 384, 4, 4]            319,488
│    │    └─BatchNorm2d: 3-66            [1, 384, 4, 4]            768
│    └─Sequential: 2-40                  [1, 384, 4, 4]            --
│    │    └─BasicConv2d: 3-67            [1, 192, 4, 4]            --
│    │    │    └─Conv2d: 4-81            [1, 192, 4, 4]            159,744
│    │    │    └─BatchNorm2d: 4-82       [1, 192, 4, 4]            384
│    │    └─BasicConv2d: 3-68            [1, 384, 4, 4]            --
│    │    │    └─Conv2d: 4-83            [1, 384, 4, 4]            663,552
│    │    │    └─BatchNorm2d: 4-84       [1, 384, 4, 4]            768
│    └─Sequential: 2-41                  [1, 128, 4, 4]            --
│    │    └─BasicConv2d: 3-69            [1, 48, 4, 4]             --
│    │    │    └─Conv2d: 4-85            [1, 48, 4, 4]             39,936
│    │    │    └─BatchNorm2d: 4-86       [1, 48, 4, 4]             96
│    │    └─BasicConv2d: 3-70            [1, 128, 4, 4]            --
│    │    │    └─Conv2d: 4-87            [1, 128, 4, 4]            55,296
│    │    │    └─BatchNorm2d: 4-88       [1, 128, 4, 4]            256
│    └─Sequential: 2-42                  [1, 128, 4, 4]            --
│    │    └─MaxPool2d: 3-71              [1, 832, 4, 4]            --
│    │    └─BasicConv2d: 3-72            [1, 128, 4, 4]            --
│    │    │    └─Conv2d: 4-89            [1, 128, 4, 4]            106,496
│    │    │    └─BatchNorm2d: 4-90       [1, 128, 4, 4]            256
├─InceptionAux: 1-17                     --                        --
│    └─BasicConv2d: 2-43                 --                        --
│    │    └─Conv2d: 3-73                 --                        65,536
│    │    └─BatchNorm2d: 3-74            --                        256
│    └─Linear: 2-44                      --                        2,098,176
│    └─Linear: 2-45                      --                        1,025,000
│    └─Dropout: 2-46                     --                        --
├─InceptionAux: 1-18                     --                        --
│    └─BasicConv2d: 2-47                 --                        --
│    │    └─Conv2d: 3-75                 --                        67,584
│    │    └─BatchNorm2d: 3-76            --                        256
│    └─Linear: 2-48                      --                        2,098,176
│    └─Linear: 2-49                      --                        1,025,000
│    └─Dropout: 2-50                     --                        --
├─AdaptiveAvgPool2d: 1-19                [1, 1024, 1, 1]           --
├─Dropout: 1-20                          [1, 1024]                 --
├─Linear: 1-21                           [1, 1000]                 1,025,000
==========================================================================================
Total params: 13,004,888
Trainable params: 13,004,888
Non-trainable params: 0
Total mult-adds (M): 384.08
==========================================================================================
Input size (MB): 0.15
Forward/backward pass size (MB): 13.05
Params size (MB): 52.02
Estimated Total Size (MB): 65.22
==========================================================================================
