==========================================================================================
Layer (type:depth-idx)                   Output Shape              Param #
==========================================================================================
HighlyNestedDictModel                    [10]                      --
├─Linear: 1-1                            [10]                      110
├─Linear: 1-2                            [10]                      110
==========================================================================================
Total params: 220
Trainable params: 220
Non-trainable params: 0
Total mult-adds (M): 0.00
==========================================================================================
Input size (MB): 0.00
Forward/backward pass size (MB): 0.00
Params size (MB): 0.00
Estimated Total Size (MB): 0.00
==========================================================================================
