==========================================================================================
Layer (type:depth-idx)                   Output Shape              Param #
==========================================================================================
LinearModel                              [64, 1]                   --
├─Sequential: 1-1                        [64, 1]                   --
│    └─Linear: 2-1                       [64, 128]                 16,512
│    └─ReLU: 2-2                         [64, 128]                 --
│    └─Linear: 2-3                       [64, 128]                 16,512
│    └─ReLU: 2-4                         [64, 128]                 --
│    └─Linear: 2-5                       [64, 1]                   129
==========================================================================================
Total params: 33,153
Trainable params: 33,153
Non-trainable params: 0
Total mult-adds (M): 2.12
==========================================================================================
Input size (MB): 0.03
Forward/backward pass size (MB): 0.13
Params size (MB): 0.13
Estimated Total Size (MB): 0.30
==========================================================================================
==========================================================================================
Layer (type:depth-idx)                   Output Shape              Param #
==========================================================================================
LinearModel                              --                        --
├─Sequential: 1-1                        --                        --
│    └─Linear: 2-1                       --                        16,512
│    └─ReLU: 2-2                         --                        --
│    └─Linear: 2-3                       --                        16,512
│    └─ReLU: 2-4                         --                        --
│    └─Linear: 2-5                       --                        129
==========================================================================================
Total params: 33,153
Trainable params: 33,153
Non-trainable params: 0
Total mult-adds (M): 0
==========================================================================================
Input size (MB): 0.03
Forward/backward pass size (MB): 0.00
Params size (MB): 0.13
Estimated Total Size (MB): 0.17
==========================================================================================
