========================================================================================================================
Layer (type:depth-idx)                   Input Shape          Output Shape         Param #              Mult-Adds
========================================================================================================================
Linear                                   [32, 16, 8]          [32, 16, 64]         576                  294,912
========================================================================================================================
Total params: 576
Trainable params: 576
Non-trainable params: 0
Total mult-adds (M): 0.29
========================================================================================================================
Input size (MB): 0.02
Forward/backward pass size (MB): 0.26
Params size (MB): 0.00
Estimated Total Size (MB): 0.28
========================================================================================================================
