==========================================================================================
Layer (type:depth-idx)                   Output Shape              Param #
==========================================================================================
LSTMNet                                  [100, 1]                  --
├─Embedding: 1-1                         [100, 1, 300]             6,000
├─LSTM: 1-2                              [100, 1, 512]             3,768,320
└─Linear: 1-3                            [100, 1, 20]              10,260
==========================================================================================
Total params: 3,784,580
Trainable params: 3,784,580
Non-trainable params: 0
Total mult-adds (M): 378.46
==========================================================================================
Input size (MB): 0.00
Forward/backward pass size (MB): 0.67
Params size (MB): 15.14
Estimated Total Size (MB): 15.80
==========================================================================================
