========================================================================================================================
Layer (type (var_name))                  Kernel Shape         Output Shape         Param #              Mult-Adds
========================================================================================================================
LSTMNet                                  --                   --                   --                   --
├─Embedding (embedding)                  [300, 20]            [1, 100, 300]        6,000                6,000
├─LSTM (encoder)                         --                   [1, 100, 512]        3,768,320            376,832,000
├─Linear (decoder)                       [512, 20]            [1, 100, 20]         10,260               10,260
========================================================================================================================
Total params: 3,784,580
Trainable params: 3,784,580
Non-trainable params: 0
Total mult-adds (M): 376.85
========================================================================================================================
Input size (MB): 0.00
Forward/backward pass size (MB): 0.33
Params size (MB): 7.57
Estimated Total Size (MB): 7.90
========================================================================================================================
