=================================================================
Layer (type:depth-idx)                   Param #
=================================================================
MixedTrainableParameters                 20
├─w                                      ├─10
└─b                                      └─10
=================================================================
Total params: 20
Trainable params: 10
Non-trainable params: 10
=================================================================
