==========================================================================================
Layer (type:depth-idx)                   Output Shape              Param #
==========================================================================================
MultipleInputNetDifferentDtypes          [2, 10]                   --
├─Linear: 1-1                            [1, 50]                   15,050
├─Linear: 1-2                            [1, 10]                   510
├─Linear: 1-3                            [1, 50]                   15,050
└─Linear: 1-4                            [1, 10]                   510
==========================================================================================
Total params: 31,120
Trainable params: 31,120
Non-trainable params: 0
Total mult-adds (M): 0.03
==========================================================================================
Input size (MB): 0.00
Forward/backward pass size (MB): 0.00
Params size (MB): 0.12
Estimated Total Size (MB): 0.13
==========================================================================================
