==========================================================================================
Layer (type:depth-idx)                   Output Shape              Param #
==========================================================================================
NamedTuple                               [2, 1, 28, 28]            --
==========================================================================================
Total params: 0
Trainable params: 0
Non-trainable params: 0
Total mult-adds (M): 0
==========================================================================================
Input size (MB): 0.01
Forward/backward pass size (MB): 0.00
Params size (MB): 0.00
Estimated Total Size (MB): 0.01
==========================================================================================
