==========================================================================================
Layer (type (var_name))                  Output Shape              Param #
==========================================================================================
InsideModel (InsideModel)                [100, 2]                  2
├─Linear (l_0)                           [100, 1]                  3
└─Inside (inside)                        [100, 1]                  1
     └─Linear (l_1)                      [100, 1]                  2
==========================================================================================
Total params: 8
Trainable params: 8
Non-trainable params: 0
Total mult-adds (M): 0.00
==========================================================================================
Input size (MB): 0.00
Forward/backward pass size (MB): 0.00
Params size (MB): 0.00
Estimated Total Size (MB): 0.00
==========================================================================================
