==========================================================================================
Layer (type:depth-idx)                   Output Shape              Param #
==========================================================================================
NumpyModel                               [3]                       --
├─Linear: 1-1                            [3]                       12
==========================================================================================
Total params: 12
Trainable params: 12
Non-trainable params: 0
Total mult-adds (M): 0.00
==========================================================================================
Input size (MB): 0.00
Forward/backward pass size (MB): 0.00
Params size (MB): 0.00
Estimated Total Size (MB): 0.00
==========================================================================================
