==========================================================================================
Layer (type:depth-idx)                   Output Shape              Param #
==========================================================================================
PackPaddedLSTM                           [128, 18]                 --
├─Embedding: 1-1                         [20, 128, 128]            7,680
├─LSTM: 1-2                              [906, 32]                 20,736
├─Dropout: 1-3                           [128, 32]                 --
└─Linear: 1-4                            [128, 18]                 594
==========================================================================================
Total params: 29,010
Trainable params: 29,010
Non-trainable params: 0
Total mult-adds (M): 601.41
==========================================================================================
Input size (MB): 0.02
Forward/backward pass size (MB): 2.87
Params size (MB): 0.12
Estimated Total Size (MB): 3.01
==========================================================================================
