================================================================================================================================================================
Layer (type:depth-idx)                   Kernel Shape         Input Shape          Output Shape         Param #              Mult-Adds            Trainable
================================================================================================================================================================
ParameterListModel                       --                   --                   --                   --                   --                   True
├─ParameterList: 1-1                     --                   --                   --                   30,000               --                   True
│    └─0                                 [100, 100]                                                     ├─10,000
│    └─1                                 [100, 200]                                                     └─20,000
================================================================================================================================================================
Total params: 30,000
Trainable params: 30,000
Non-trainable params: 0
Total mult-adds (M): 0.00
================================================================================================================================================================
Input size (MB): 0.04
Forward/backward pass size (MB): 0.00
Params size (MB): 0.12
Estimated Total Size (MB): 0.16
================================================================================================================================================================
