==========================================================================================
Layer (type:depth-idx)                   Output Shape              Param #
==========================================================================================
SingleInputNet                           [16, 10]                  --
├─Conv2d: 1-1                            [16, 10, 24, 24]          135
├─Conv2d: 1-2                            [16, 20, 8, 8]            2,520
├─Dropout2d: 1-3                         [16, 20, 8, 8]            --
├─Linear: 1-4                            [16, 50]                  8,050
└─Linear: 1-5                            [16, 10]                  260
==========================================================================================
Total params: 10,965
Trainable params: 10,965
Non-trainable params: 0
Total mult-adds (M): 3.96
==========================================================================================
Input size (MB): 0.05
Forward/backward pass size (MB): 0.91
Params size (MB): 0.04
Estimated Total Size (MB): 1.00
==========================================================================================
