=================================================================
Layer (type:depth-idx)                   Param #
=================================================================
RegisterParameter                        2
├─Linear: 1-1                            6
└─Linear: 1-2                            6
=================================================================
Total params: 14
Trainable params: 14
Non-trainable params: 0
=================================================================
