===================================================================================================================
Layer (type:depth-idx)                   Output Shape              Param #                   Param %
===================================================================================================================
ResNet                                   [1, 1000]                 --                             --
├─Conv2d: 1-1                            [1, 64, 32, 32]           9,408                       0.08%
├─BatchNorm2d: 1-2                       [1, 64, 32, 32]           128                         0.00%
├─ReLU: 1-3                              [1, 64, 32, 32]           --                             --
├─MaxPool2d: 1-4                         [1, 64, 16, 16]           --                             --
├─Sequential: 1-5                        [1, 64, 16, 16]           147,968                     1.27%
├─Sequential: 1-6                        [1, 128, 8, 8]            525,568                     4.50%
├─Sequential: 1-7                        [1, 256, 4, 4]            2,099,712                  17.96%
├─Sequential: 1-8                        [1, 512, 2, 2]            8,393,728                  71.81%
├─AdaptiveAvgPool2d: 1-9                 [1, 512, 1, 1]            --                             --
├─Linear: 1-10                           [1, 1000]                 513,000                     4.39%
===================================================================================================================
Total params: 11,689,512
Trainable params: 11,689,512
Non-trainable params: 0
Total mult-adds (M): 148.57
===================================================================================================================
Input size (MB): 0.05
Forward/backward pass size (MB): 3.25
Params size (MB): 46.76
Estimated Total Size (MB): 50.06
===================================================================================================================
===================================================================================================================
Layer (type:depth-idx)                   Output Shape              Param #                   Param %
===================================================================================================================
ResNet                                   [1, 1000]                 --                             --
├─Conv2d: 1-1                            [1, 64, 32, 32]           9,408                       0.08%
├─BatchNorm2d: 1-2                       [1, 64, 32, 32]           128                         0.00%
├─ReLU: 1-3                              [1, 64, 32, 32]           --                             --
├─MaxPool2d: 1-4                         [1, 64, 16, 16]           --                             --
├─Sequential: 1-5                        [1, 64, 16, 16]           --                             --
│    └─BasicBlock: 2-1                   [1, 64, 16, 16]           73,984                      0.63%
│    └─BasicBlock: 2-2                   [1, 64, 16, 16]           73,984                      0.63%
├─Sequential: 1-6                        [1, 128, 8, 8]            --                             --
│    └─BasicBlock: 2-3                   [1, 128, 8, 8]            230,144                     1.97%
│    └─BasicBlock: 2-4                   [1, 128, 8, 8]            295,424                     2.53%
├─Sequential: 1-7                        [1, 256, 4, 4]            --                             --
│    └─BasicBlock: 2-5                   [1, 256, 4, 4]            919,040                     7.86%
│    └─BasicBlock: 2-6                   [1, 256, 4, 4]            1,180,672                  10.10%
├─Sequential: 1-8                        [1, 512, 2, 2]            --                             --
│    └─BasicBlock: 2-7                   [1, 512, 2, 2]            3,673,088                  31.42%
│    └─BasicBlock: 2-8                   [1, 512, 2, 2]            4,720,640                  40.38%
├─AdaptiveAvgPool2d: 1-9                 [1, 512, 1, 1]            --                             --
├─Linear: 1-10                           [1, 1000]                 513,000                     4.39%
===================================================================================================================
Total params: 11,689,512
Trainable params: 11,689,512
Non-trainable params: 0
Total mult-adds (M): 148.57
===================================================================================================================
Input size (MB): 0.05
Forward/backward pass size (MB): 3.25
Params size (MB): 46.76
Estimated Total Size (MB): 50.06
===================================================================================================================
