==========================================================================================
Layer (type:depth-idx)                   Output Shape              Param #
==========================================================================================
ResNet                                   [2, 1000]                 --
├─Conv2d: 1-1                            [2, 64, 112, 112]         9,408
├─BatchNorm2d: 1-2                       [2, 64, 112, 112]         128
├─ReLU: 1-3                              [2, 64, 112, 112]         --
├─MaxPool2d: 1-4                         [2, 64, 56, 56]           --
├─Sequential: 1-5                        [2, 256, 56, 56]          --
│    ├─Bottleneck: 2-1                   [2, 256, 56, 56]          --
│    │    ├─Conv2d: 3-1                  [2, 64, 56, 56]           4,096
│    │    ├─BatchNorm2d: 3-2             [2, 64, 56, 56]           128
│    │    ├─ReLU: 3-3                    [2, 64, 56, 56]           --
│    │    ├─Conv2d: 3-4                  [2, 64, 56, 56]           36,864
│    │    ├─BatchNorm2d: 3-5             [2, 64, 56, 56]           128
│    │    ├─ReLU: 3-6                    [2, 64, 56, 56]           --
│    │    ├─Conv2d: 3-7                  [2, 256, 56, 56]          16,384
│    │    ├─BatchNorm2d: 3-8             [2, 256, 56, 56]          512
│    │    ├─Sequential: 3-9              [2, 256, 56, 56]          16,896
│    │    └─ReLU: 3-10                   [2, 256, 56, 56]          --
│    ├─Bottleneck: 2-2                   [2, 256, 56, 56]          --
│    │    ├─Conv2d: 3-11                 [2, 64, 56, 56]           16,384
│    │    ├─BatchNorm2d: 3-12            [2, 64, 56, 56]           128
│    │    ├─ReLU: 3-13                   [2, 64, 56, 56]           --
│    │    ├─Conv2d: 3-14                 [2, 64, 56, 56]           36,864
│    │    ├─BatchNorm2d: 3-15            [2, 64, 56, 56]           128
│    │    ├─ReLU: 3-16                   [2, 64, 56, 56]           --
│    │    ├─Conv2d: 3-17                 [2, 256, 56, 56]          16,384
│    │    ├─BatchNorm2d: 3-18            [2, 256, 56, 56]          512
│    │    └─ReLU: 3-19                   [2, 256, 56, 56]          --
│    └─Bottleneck: 2-3                   [2, 256, 56, 56]          --
│         ├─Conv2d: 3-20                 [2, 64, 56, 56]           16,384
│         ├─BatchNorm2d: 3-21            [2, 64, 56, 56]           128
│         ├─ReLU: 3-22                   [2, 64, 56, 56]           --
│         ├─Conv2d: 3-23                 [2, 64, 56, 56]           36,864
│         ├─BatchNorm2d: 3-24            [2, 64, 56, 56]           128
│         ├─ReLU: 3-25                   [2, 64, 56, 56]           --
│         ├─Conv2d: 3-26                 [2, 256, 56, 56]          16,384
│         ├─BatchNorm2d: 3-27            [2, 256, 56, 56]          512
│         └─ReLU: 3-28                   [2, 256, 56, 56]          --
├─Sequential: 1-6                        [2, 512, 28, 28]          --
│    ├─Bottleneck: 2-4                   [2, 512, 28, 28]          --
│    │    ├─Conv2d: 3-29                 [2, 128, 56, 56]          32,768
│    │    ├─BatchNorm2d: 3-30            [2, 128, 56, 56]          256
│    │    ├─ReLU: 3-31                   [2, 128, 56, 56]          --
│    │    ├─Conv2d: 3-32                 [2, 128, 28, 28]          147,456
│    │    ├─BatchNorm2d: 3-33            [2, 128, 28, 28]          256
│    │    ├─ReLU: 3-34                   [2, 128, 28, 28]          --
│    │    ├─Conv2d: 3-35                 [2, 512, 28, 28]          65,536
│    │    ├─BatchNorm2d: 3-36            [2, 512, 28, 28]          1,024
│    │    ├─Sequential: 3-37             [2, 512, 28, 28]          132,096
│    │    └─ReLU: 3-38                   [2, 512, 28, 28]          --
│    ├─Bottleneck: 2-5                   [2, 512, 28, 28]          --
│    │    ├─Conv2d: 3-39                 [2, 128, 28, 28]          65,536
│    │    ├─BatchNorm2d: 3-40            [2, 128, 28, 28]          256
│    │    ├─ReLU: 3-41                   [2, 128, 28, 28]          --
│    │    ├─Conv2d: 3-42                 [2, 128, 28, 28]          147,456
│    │    ├─BatchNorm2d: 3-43            [2, 128, 28, 28]          256
│    │    ├─ReLU: 3-44                   [2, 128, 28, 28]          --
│    │    ├─Conv2d: 3-45                 [2, 512, 28, 28]          65,536
│    │    ├─BatchNorm2d: 3-46            [2, 512, 28, 28]          1,024
│    │    └─ReLU: 3-47                   [2, 512, 28, 28]          --
│    ├─Bottleneck: 2-6                   [2, 512, 28, 28]          --
│    │    ├─Conv2d: 3-48                 [2, 128, 28, 28]          65,536
│    │    ├─BatchNorm2d: 3-49            [2, 128, 28, 28]          256
│    │    ├─ReLU: 3-50                   [2, 128, 28, 28]          --
│    │    ├─Conv2d: 3-51                 [2, 128, 28, 28]          147,456
│    │    ├─BatchNorm2d: 3-52            [2, 128, 28, 28]          256
│    │    ├─ReLU: 3-53                   [2, 128, 28, 28]          --
│    │    ├─Conv2d: 3-54                 [2, 512, 28, 28]          65,536
│    │    ├─BatchNorm2d: 3-55            [2, 512, 28, 28]          1,024
│    │    └─ReLU: 3-56                   [2, 512, 28, 28]          --
│    └─Bottleneck: 2-7                   [2, 512, 28, 28]          --
│         ├─Conv2d: 3-57                 [2, 128, 28, 28]          65,536
│         ├─BatchNorm2d: 3-58            [2, 128, 28, 28]          256
│         ├─ReLU: 3-59                   [2, 128, 28, 28]          --
│         ├─Conv2d: 3-60                 [2, 128, 28, 28]          147,456
│         ├─BatchNorm2d: 3-61            [2, 128, 28, 28]          256
│         ├─ReLU: 3-62                   [2, 128, 28, 28]          --
│         ├─Conv2d: 3-63                 [2, 512, 28, 28]          65,536
│         ├─BatchNorm2d: 3-64            [2, 512, 28, 28]          1,024
│         └─ReLU: 3-65                   [2, 512, 28, 28]          --
├─Sequential: 1-7                        [2, 1024, 14, 14]         --
│    ├─Bottleneck: 2-8                   [2, 1024, 14, 14]         --
│    │    ├─Conv2d: 3-66                 [2, 256, 28, 28]          131,072
│    │    ├─BatchNorm2d: 3-67            [2, 256, 28, 28]          512
│    │    ├─ReLU: 3-68                   [2, 256, 28, 28]          --
│    │    ├─Conv2d: 3-69                 [2, 256, 14, 14]          589,824
│    │    ├─BatchNorm2d: 3-70            [2, 256, 14, 14]          512
│    │    ├─ReLU: 3-71                   [2, 256, 14, 14]          --
│    │    ├─Conv2d: 3-72                 [2, 1024, 14, 14]         262,144
│    │    ├─BatchNorm2d: 3-73            [2, 1024, 14, 14]         2,048
│    │    ├─Sequential: 3-74             [2, 1024, 14, 14]         526,336
│    │    └─ReLU: 3-75                   [2, 1024, 14, 14]         --
│    ├─Bottleneck: 2-9                   [2, 1024, 14, 14]         --
│    │    ├─Conv2d: 3-76                 [2, 256, 14, 14]          262,144
│    │    ├─BatchNorm2d: 3-77            [2, 256, 14, 14]          512
│    │    ├─ReLU: 3-78                   [2, 256, 14, 14]          --
│    │    ├─Conv2d: 3-79                 [2, 256, 14, 14]          589,824
│    │    ├─BatchNorm2d: 3-80            [2, 256, 14, 14]          512
│    │    ├─ReLU: 3-81                   [2, 256, 14, 14]          --
│    │    ├─Conv2d: 3-82                 [2, 1024, 14, 14]         262,144
│    │    ├─BatchNorm2d: 3-83            [2, 1024, 14, 14]         2,048
│    │    └─ReLU: 3-84                   [2, 1024, 14, 14]         --
│    ├─Bottleneck: 2-10                  [2, 1024, 14, 14]         --
│    │    ├─Conv2d: 3-85                 [2, 256, 14, 14]          262,144
│    │    ├─BatchNorm2d: 3-86            [2, 256, 14, 14]          512
│    │    ├─ReLU: 3-87                   [2, 256, 14, 14]          --
│    │    ├─Conv2d: 3-88                 [2, 256, 14, 14]          589,824
│    │    ├─BatchNorm2d: 3-89            [2, 256, 14, 14]          512
│    │    ├─ReLU: 3-90                   [2, 256, 14, 14]          --
│    │    ├─Conv2d: 3-91                 [2, 1024, 14, 14]         262,144
│    │    ├─BatchNorm2d: 3-92            [2, 1024, 14, 14]         2,048
│    │    └─ReLU: 3-93                   [2, 1024, 14, 14]         --
│    ├─Bottleneck: 2-11                  [2, 1024, 14, 14]         --
│    │    ├─Conv2d: 3-94                 [2, 256, 14, 14]          262,144
│    │    ├─BatchNorm2d: 3-95            [2, 256, 14, 14]          512
│    │    ├─ReLU: 3-96                   [2, 256, 14, 14]          --
│    │    ├─Conv2d: 3-97                 [2, 256, 14, 14]          589,824
│    │    ├─BatchNorm2d: 3-98            [2, 256, 14, 14]          512
│    │    ├─ReLU: 3-99                   [2, 256, 14, 14]          --
│    │    ├─Conv2d: 3-100                [2, 1024, 14, 14]         262,144
│    │    ├─BatchNorm2d: 3-101           [2, 1024, 14, 14]         2,048
│    │    └─ReLU: 3-102                  [2, 1024, 14, 14]         --
│    ├─Bottleneck: 2-12                  [2, 1024, 14, 14]         --
│    │    ├─Conv2d: 3-103                [2, 256, 14, 14]          262,144
│    │    ├─BatchNorm2d: 3-104           [2, 256, 14, 14]          512
│    │    ├─ReLU: 3-105                  [2, 256, 14, 14]          --
│    │    ├─Conv2d: 3-106                [2, 256, 14, 14]          589,824
│    │    ├─BatchNorm2d: 3-107           [2, 256, 14, 14]          512
│    │    ├─ReLU: 3-108                  [2, 256, 14, 14]          --
│    │    ├─Conv2d: 3-109                [2, 1024, 14, 14]         262,144
│    │    ├─BatchNorm2d: 3-110           [2, 1024, 14, 14]         2,048
│    │    └─ReLU: 3-111                  [2, 1024, 14, 14]         --
│    └─Bottleneck: 2-13                  [2, 1024, 14, 14]         --
│         ├─Conv2d: 3-112                [2, 256, 14, 14]          262,144
│         ├─BatchNorm2d: 3-113           [2, 256, 14, 14]          512
│         ├─ReLU: 3-114                  [2, 256, 14, 14]          --
│         ├─Conv2d: 3-115                [2, 256, 14, 14]          589,824
│         ├─BatchNorm2d: 3-116           [2, 256, 14, 14]          512
│         ├─ReLU: 3-117                  [2, 256, 14, 14]          --
│         ├─Conv2d: 3-118                [2, 1024, 14, 14]         262,144
│         ├─BatchNorm2d: 3-119           [2, 1024, 14, 14]         2,048
│         └─ReLU: 3-120                  [2, 1024, 14, 14]         --
├─Sequential: 1-8                        [2, 2048, 7, 7]           --
│    ├─Bottleneck: 2-14                  [2, 2048, 7, 7]           --
│    │    ├─Conv2d: 3-121                [2, 512, 14, 14]          524,288
│    │    ├─BatchNorm2d: 3-122           [2, 512, 14, 14]          1,024
│    │    ├─ReLU: 3-123                  [2, 512, 14, 14]          --
│    │    ├─Conv2d: 3-124                [2, 512, 7, 7]            2,359,296
│    │    ├─BatchNorm2d: 3-125           [2, 512, 7, 7]            1,024
│    │    ├─ReLU: 3-126                  [2, 512, 7, 7]            --
│    │    ├─Conv2d: 3-127                [2, 2048, 7, 7]           1,048,576
│    │    ├─BatchNorm2d: 3-128           [2, 2048, 7, 7]           4,096
│    │    ├─Sequential: 3-129            [2, 2048, 7, 7]           2,101,248
│    │    └─ReLU: 3-130                  [2, 2048, 7, 7]           --
│    ├─Bottleneck: 2-15                  [2, 2048, 7, 7]           --
│    │    ├─Conv2d: 3-131                [2, 512, 7, 7]            1,048,576
│    │    ├─BatchNorm2d: 3-132           [2, 512, 7, 7]            1,024
│    │    ├─ReLU: 3-133                  [2, 512, 7, 7]            --
│    │    ├─Conv2d: 3-134                [2, 512, 7, 7]            2,359,296
│    │    ├─BatchNorm2d: 3-135           [2, 512, 7, 7]            1,024
│    │    ├─ReLU: 3-136                  [2, 512, 7, 7]            --
│    │    ├─Conv2d: 3-137                [2, 2048, 7, 7]           1,048,576
│    │    ├─BatchNorm2d: 3-138           [2, 2048, 7, 7]           4,096
│    │    └─ReLU: 3-139                  [2, 2048, 7, 7]           --
│    └─Bottleneck: 2-16                  [2, 2048, 7, 7]           --
│         ├─Conv2d: 3-140                [2, 512, 7, 7]            1,048,576
│         ├─BatchNorm2d: 3-141           [2, 512, 7, 7]            1,024
│         ├─ReLU: 3-142                  [2, 512, 7, 7]            --
│         ├─Conv2d: 3-143                [2, 512, 7, 7]            2,359,296
│         ├─BatchNorm2d: 3-144           [2, 512, 7, 7]            1,024
│         ├─ReLU: 3-145                  [2, 512, 7, 7]            --
│         ├─Conv2d: 3-146                [2, 2048, 7, 7]           1,048,576
│         ├─BatchNorm2d: 3-147           [2, 2048, 7, 7]           4,096
│         └─ReLU: 3-148                  [2, 2048, 7, 7]           --
├─AdaptiveAvgPool2d: 1-9                 [2, 2048, 1, 1]           --
└─Linear: 1-10                           [2, 1000]                 2,049,000
==========================================================================================
Total params: 25,557,032
Trainable params: 25,557,032
Non-trainable params: 0
Total mult-adds (G): 8.18
==========================================================================================
Input size (MB): 1.20
Forward/backward pass size (MB): 355.66
Params size (MB): 102.23
Estimated Total Size (MB): 459.10
==========================================================================================
