==========================================================================================================================================================================
Layer (type:depth-idx)                   Output Shape                                                      Param #
==========================================================================================================================================================================
ReturnDict                               [[1, 10]]                                                         --
└─ReturnDictLayer: 1-1                   [[1, 10]]                                                         --
     ├─Conv2d: 2-1                       [1, 10, 24, 24]                                                   260
     ├─Conv2d: 2-2                       [1, 20, 8, 8]                                                     5,020
     ├─Linear: 2-3                       [1, 50]                                                           16,050
     └─Linear: 2-4                       [1, 10]                                                           510
==========================================================================================================================================================================
Total params: 21,840
Trainable params: 21,840
Non-trainable params: 0
Total mult-adds (M): 0.49
==========================================================================================================================================================================
Input size (MB): 0.00
Forward/backward pass size (MB): 0.06
Params size (MB): 0.09
Estimated Total Size (MB): 0.15
==========================================================================================================================================================================
