=================================================================
Layer (type:depth-idx)                   Param #
=================================================================
Sequential                               --
├─LeakyReLU: 1-1                         --
├─Identity: 1-2                          --
├─LeakyReLU: 1-3                         --
├─Identity: 1-4                          --
└─LeakyReLU: 1-5                         --
=================================================================
Total params: 0
Trainable params: 0
Non-trainable params: 0
=================================================================
=================================================================
Layer (type:depth-idx)                   Param #
=================================================================
Sequential                               --
├─LeakyReLU: 1-1                         --
├─Identity: 1-2                          --
├─LeakyReLU: 1-3                         --
├─Identity: 1-4                          --
└─LeakyReLU: 1-5                         --
=================================================================
Total params: 0
Trainable params: 0
Non-trainable params: 0
=================================================================
