============================================================================================================================================
Layer (type:depth-idx)                   Kernel Shape         Input Shape          Output Shape         Param #              Mult-Adds
============================================================================================================================================
SingleInputNet                           --                   --                   --                   --                   --
├─Conv2d: 1-1                            [1, 10, 5, 5]        [1, 1, 28, 28]       [1, 10, 24, 24]      260                  149,760
├─Conv2d: 1-2                            [10, 20, 5, 5]       [1, 10, 12, 12]      [1, 20, 8, 8]        5,020                321,280
├─Dropout2d: 1-3                         --                   [1, 20, 8, 8]        [1, 20, 8, 8]        --                   --
├─Linear: 1-4                            [320, 50]            [1, 320]             [1, 50]              16,050               16,050
├─Linear: 1-5                            [50, 10]             [1, 50]              [1, 10]              510                  510
============================================================================================================================================
Total params: 21,840
Trainable params: 21,840
Non-trainable params: 0
Total mult-adds (M): 0.49
============================================================================================================================================
Input size (MB): 0.00
Forward/backward pass size (MB): 0.06
Params size (MB): 0.09
Estimated Total Size (MB): 0.15
============================================================================================================================================
