==========================================================================================
Layer (type:depth-idx)                   Output Shape              Param #
==========================================================================================
SingleInputNet                           --                        --
├─Conv2d: 1-1                            [2, 10, 24, 24]           260
├─Conv2d: 1-2                            [2, 20, 8, 8]             5,020
├─Dropout2d: 1-3                         [2, 20, 8, 8]             --
├─Linear: 1-4                            [2, 50]                   16,050
├─Linear: 1-5                            [2, 10]                   510
==========================================================================================
Total params: 21,840
Trainable params: 21,840
Non-trainable params: 0
Total mult-adds (M): 0.98
==========================================================================================
Input size (MB): 0.01
Forward/backward pass size (MB): 0.11
Params size (MB): 0.09
Estimated Total Size (MB): 0.21
==========================================================================================
