=================================================================
Layer (type:depth-idx)                   Param #
=================================================================
ParameterA                               1,024
=================================================================
Total params: 1,024
Trainable params: 1,024
Non-trainable params: 0
=================================================================
=================================================================
Layer (type:depth-idx)                   Param #
=================================================================
ParameterB                               1,024
└─Conv2d: 1-1                            168
=================================================================
Total params: 1,192
Trainable params: 1,192
Non-trainable params: 0
=================================================================
=================================================================
Layer (type:depth-idx)                   Param #
=================================================================
ParameterA                               1,024
└─w                                      └─1,024
=================================================================
Total params: 1,024
Trainable params: 1,024
Non-trainable params: 0
=================================================================
=================================================================
Layer (type:depth-idx)                   Param #
=================================================================
ParameterB                               1,024
├─w                                      └─1,024
└─Conv2d: 1-1                            168
     ├─weight                            ├─162
     └─bias                              └─6
=================================================================
Total params: 1,192
Trainable params: 1,192
Non-trainable params: 0
=================================================================
