================================================================================================================================================================
Layer (type:depth-idx)                   Kernel Shape         Input Shape          Output Shape         Param #              Mult-Adds            Trainable
================================================================================================================================================================
SingleInputNet                           --                   --                   --                   --                   --                   True
├─Conv2d: 1-1                            [5, 5]               [7, 1, 28, 28]       [7, 10, 24, 24]      260                  1,048,320            True
├─Conv2d: 1-2                            [5, 5]               [7, 10, 12, 12]      [7, 20, 8, 8]        5,020                2,248,960            True
├─Dropout2d: 1-3                         --                   [7, 20, 8, 8]        [7, 20, 8, 8]        --                   --                   --
├─Linear: 1-4                            --                   [7, 320]             [7, 50]              16,050               112,350              True
├─Linear: 1-5                            --                   [7, 50]              [7, 10]              510                  3,570                True
================================================================================================================================================================
Total params: 21,840
Trainable params: 21,840
Non-trainable params: 0
Total mult-adds (M): 3.41
================================================================================================================================================================
Input size (MB): 0.02
Forward/backward pass size (MB): 0.40
Params size (MB): 0.09
Estimated Total Size (MB): 0.51
================================================================================================================================================================
