========================================================================================================================
Layer (type:depth-idx)                        Output Shape              Param #                   Mult-Adds
========================================================================================================================
TMVANet                                       [1, 4, 256, 64]           --                        --
├─TMVANet_Encoder: 1-1                        [1, 384, 64, 64]          3,954,432                 61,285,604,864
├─TMVANet_Decoder: 1-2                        [1, 4, 256, 64]           1,676,552                 40,752,187,904
========================================================================================================================
Total params: 5,630,984
Trainable params: 5,630,984
Non-trainable params: 0
Total mult-adds (G): 102.04
========================================================================================================================
Input size (MB): 1.97
Forward/backward pass size (MB): 1667.76
Params size (MB): 22.52
Estimated Total Size (MB): 1692.25
========================================================================================================================
========================================================================================================================
Layer (type:depth-idx)                        Output Shape              Param #                   Mult-Adds
========================================================================================================================
TMVANet                                       [1, 4, 256, 64]           --                        --
├─TMVANet_Encoder: 1-1                        [1, 384, 64, 64]          --                        --
│    └─EncodingBranch: 2-1                    [1, 128, 64, 64]          --                        --
│    │    └─Double3DConvBlock: 3-1            [1, 128, 1, 256, 256]     446,592                   29,704,061,440
│    │    └─MaxPool2d: 3-2                    [1, 128, 128, 128]        --                        --
│    │    └─DoubleConvBlock: 3-3              [1, 128, 128, 128]        295,680                   4,836,033,024
│    │    └─MaxPool2d: 3-4                    [1, 128, 64, 64]          --                        --
│    │    └─ConvBlock: 3-5                    [1, 128, 64, 64]          16,768                    67,633,408
│    └─EncodingBranch: 2-2                    [1, 128, 64, 64]          --                        --
│    │    └─Double3DConvBlock: 3-6            [1, 128, 1, 256, 64]      446,592                   7,426,015,744
│    │    └─MaxPool2d: 3-7                    [1, 128, 128, 64]         --                        --
│    │    └─DoubleConvBlock: 3-8              [1, 128, 128, 64]         295,680                   2,418,016,768
│    │    └─MaxPool2d: 3-9                    [1, 128, 64, 64]          --                        --
│    │    └─ConvBlock: 3-10                   [1, 128, 64, 64]          16,768                    67,633,408
│    └─EncodingBranch: 2-3                    [1, 128, 64, 64]          --                        --
│    │    └─Double3DConvBlock: 3-11           [1, 128, 1, 256, 64]      446,592                   7,426,015,744
│    │    └─MaxPool2d: 3-12                   [1, 128, 128, 64]         --                        --
│    │    └─DoubleConvBlock: 3-13             [1, 128, 128, 64]         295,680                   2,418,016,768
│    │    └─MaxPool2d: 3-14                   [1, 128, 64, 64]          --                        --
│    │    └─ConvBlock: 3-15                   [1, 128, 64, 64]          16,768                    67,633,408
│    └─ASPPBlock: 2-4                         [1, 640, 64, 64]          --                        --
│    │    └─AvgPool2d: 3-16                   [1, 128, 1, 1]            --                        --
│    │    └─Conv2d: 3-17                      [1, 128, 64, 64]          16,512                    67,633,152
│    │    └─ConvBlock: 3-18                   [1, 128, 64, 64]          16,768                    67,633,408
│    │    └─ConvBlock: 3-19                   [1, 128, 64, 64]          147,840                   604,504,320
│    │    └─ConvBlock: 3-20                   [1, 128, 64, 64]          147,840                   604,504,320
│    │    └─ConvBlock: 3-21                   [1, 128, 64, 64]          147,840                   604,504,320
│    └─ASPPBlock: 2-5                         [1, 640, 64, 64]          --                        --
│    │    └─AvgPool2d: 3-22                   [1, 128, 1, 1]            --                        --
│    │    └─Conv2d: 3-23                      [1, 128, 64, 64]          16,512                    67,633,152
│    │    └─ConvBlock: 3-24                   [1, 128, 64, 64]          16,768                    67,633,408
│    │    └─ConvBlock: 3-25                   [1, 128, 64, 64]          147,840                   604,504,320
│    │    └─ConvBlock: 3-26                   [1, 128, 64, 64]          147,840                   604,504,320
│    │    └─ConvBlock: 3-27                   [1, 128, 64, 64]          147,840                   604,504,320
│    └─ASPPBlock: 2-6                         [1, 640, 64, 64]          --                        --
│    │    └─AvgPool2d: 3-28                   [1, 128, 1, 1]            --                        --
│    │    └─Conv2d: 3-29                      [1, 128, 64, 64]          16,512                    67,633,152
│    │    └─ConvBlock: 3-30                   [1, 128, 64, 64]          16,768                    67,633,408
│    │    └─ConvBlock: 3-31                   [1, 128, 64, 64]          147,840                   604,504,320
│    │    └─ConvBlock: 3-32                   [1, 128, 64, 64]          147,840                   604,504,320
│    │    └─ConvBlock: 3-33                   [1, 128, 64, 64]          147,840                   604,504,320
│    └─ConvBlock: 2-7                         [1, 128, 64, 64]          --                        --
│    │    └─Sequential: 3-34                  [1, 128, 64, 64]          82,304                    336,068,864
│    └─ConvBlock: 2-8                         [1, 128, 64, 64]          --                        --
│    │    └─Sequential: 3-35                  [1, 128, 64, 64]          82,304                    336,068,864
│    └─ConvBlock: 2-9                         [1, 128, 64, 64]          --                        --
│    │    └─Sequential: 3-36                  [1, 128, 64, 64]          82,304                    336,068,864
├─TMVANet_Decoder: 1-2                        [1, 4, 256, 64]           --                        --
│    └─ConvBlock: 2-10                        [1, 128, 64, 64]          --                        --
│    │    └─Sequential: 3-37                  [1, 128, 64, 64]          49,536                    201,851,136
│    └─ConvBlock: 2-11                        [1, 128, 64, 64]          --                        --
│    │    └─Sequential: 3-38                  [1, 128, 64, 64]          49,536                    201,851,136
│    └─ConvTranspose2d: 2-12                  [1, 128, 128, 64]         98,432                    806,354,944
│    └─ConvTranspose2d: 2-13                  [1, 128, 128, 128]        196,736                   3,223,322,624
│    └─DoubleConvBlock: 2-14                  [1, 128, 128, 64]         --                        --
│    │    └─Sequential: 3-39                  [1, 128, 128, 64]         295,680                   2,418,016,768
│    └─DoubleConvBlock: 2-15                  [1, 128, 128, 128]        --                        --
│    │    └─Sequential: 3-40                  [1, 128, 128, 128]        295,680                   4,836,033,024
│    └─ConvTranspose2d: 2-16                  [1, 128, 256, 64]         32,896                    538,968,064
│    └─ConvTranspose2d: 2-17                  [1, 128, 256, 256]        65,664                    4,303,355,904
│    └─DoubleConvBlock: 2-18                  [1, 128, 256, 64]         --                        --
│    │    └─Sequential: 3-41                  [1, 128, 256, 64]         295,680                   4,836,033,024
│    └─DoubleConvBlock: 2-19                  [1, 128, 256, 256]        --                        --
│    │    └─Sequential: 3-42                  [1, 128, 256, 256]        295,680                   19,344,130,560
│    └─Conv2d: 2-20                           [1, 4, 256, 64]           516                       8,454,144
│    └─Conv2d: 2-21                           [1, 4, 256, 256]          516                       33,816,576
========================================================================================================================
Total params: 5,630,984
Trainable params: 5,630,984
Non-trainable params: 0
Total mult-adds (G): 102.04
========================================================================================================================
Input size (MB): 1.97
Forward/backward pass size (MB): 1667.76
Params size (MB): 22.52
Estimated Total Size (MB): 1692.25
========================================================================================================================
========================================================================================================================
Layer (type:depth-idx)                        Output Shape              Param #                   Mult-Adds
========================================================================================================================
TMVANet                                       [1, 4, 256, 64]           --                        --
├─TMVANet_Encoder: 1-1                        [1, 384, 64, 64]          --                        --
│    └─EncodingBranch: 2-1                    [1, 128, 64, 64]          --                        --
│    │    └─Double3DConvBlock: 3-1            [1, 128, 1, 256, 256]     --                        --
│    │    │    └─Sequential: 4-1              [1, 128, 1, 256, 256]     --                        --
│    │    │    │    └─Conv3d: 5-1             [1, 128, 3, 256, 256]     3,584                     704,643,072
│    │    │    │    └─BatchNorm3d: 5-2        [1, 128, 3, 256, 256]     256                       256
│    │    │    │    └─LeakyReLU: 5-3          [1, 128, 3, 256, 256]     --                        --
│    │    │    │    └─Conv3d: 5-4             [1, 128, 1, 256, 256]     442,496                   28,999,417,856
│    │    │    │    └─BatchNorm3d: 5-5        [1, 128, 1, 256, 256]     256                       256
│    │    │    │    └─LeakyReLU: 5-6          [1, 128, 1, 256, 256]     --                        --
│    │    └─MaxPool2d: 3-2                    [1, 128, 128, 128]        --                        --
│    │    └─DoubleConvBlock: 3-3              [1, 128, 128, 128]        --                        --
│    │    │    └─Sequential: 4-2              [1, 128, 128, 128]        --                        --
│    │    │    │    └─Conv2d: 5-7             [1, 128, 128, 128]        147,584                   2,418,016,256
│    │    │    │    └─BatchNorm2d: 5-8        [1, 128, 128, 128]        256                       256
│    │    │    │    └─LeakyReLU: 5-9          [1, 128, 128, 128]        --                        --
│    │    │    │    └─Conv2d: 5-10            [1, 128, 128, 128]        147,584                   2,418,016,256
│    │    │    │    └─BatchNorm2d: 5-11       [1, 128, 128, 128]        256                       256
│    │    │    │    └─LeakyReLU: 5-12         [1, 128, 128, 128]        --                        --
│    │    └─MaxPool2d: 3-4                    [1, 128, 64, 64]          --                        --
│    │    └─ConvBlock: 3-5                    [1, 128, 64, 64]          --                        --
│    │    │    └─Sequential: 4-3              [1, 128, 64, 64]          --                        --
│    │    │    │    └─Conv2d: 5-13            [1, 128, 64, 64]          16,512                    67,633,152
│    │    │    │    └─BatchNorm2d: 5-14       [1, 128, 64, 64]          256                       256
│    │    │    │    └─LeakyReLU: 5-15         [1, 128, 64, 64]          --                        --
│    └─EncodingBranch: 2-2                    [1, 128, 64, 64]          --                        --
│    │    └─Double3DConvBlock: 3-6            [1, 128, 1, 256, 64]      --                        --
│    │    │    └─Sequential: 4-4              [1, 128, 1, 256, 64]      --                        --
│    │    │    │    └─Conv3d: 5-16            [1, 128, 3, 256, 64]      3,584                     176,160,768
│    │    │    │    └─BatchNorm3d: 5-17       [1, 128, 3, 256, 64]      256                       256
│    │    │    │    └─LeakyReLU: 5-18         [1, 128, 3, 256, 64]      --                        --
│    │    │    │    └─Conv3d: 5-19            [1, 128, 1, 256, 64]      442,496                   7,249,854,464
│    │    │    │    └─BatchNorm3d: 5-20       [1, 128, 1, 256, 64]      256                       256
│    │    │    │    └─LeakyReLU: 5-21         [1, 128, 1, 256, 64]      --                        --
│    │    └─MaxPool2d: 3-7                    [1, 128, 128, 64]         --                        --
│    │    └─DoubleConvBlock: 3-8              [1, 128, 128, 64]         --                        --
│    │    │    └─Sequential: 4-5              [1, 128, 128, 64]         --                        --
│    │    │    │    └─Conv2d: 5-22            [1, 128, 128, 64]         147,584                   1,209,008,128
│    │    │    │    └─BatchNorm2d: 5-23       [1, 128, 128, 64]         256                       256
│    │    │    │    └─LeakyReLU: 5-24         [1, 128, 128, 64]         --                        --
│    │    │    │    └─Conv2d: 5-25            [1, 128, 128, 64]         147,584                   1,209,008,128
│    │    │    │    └─BatchNorm2d: 5-26       [1, 128, 128, 64]         256                       256
│    │    │    │    └─LeakyReLU: 5-27         [1, 128, 128, 64]         --                        --
│    │    └─MaxPool2d: 3-9                    [1, 128, 64, 64]          --                        --
│    │    └─ConvBlock: 3-10                   [1, 128, 64, 64]          --                        --
│    │    │    └─Sequential: 4-6              [1, 128, 64, 64]          --                        --
│    │    │    │    └─Conv2d: 5-28            [1, 128, 64, 64]          16,512                    67,633,152
│    │    │    │    └─BatchNorm2d: 5-29       [1, 128, 64, 64]          256                       256
│    │    │    │    └─LeakyReLU: 5-30         [1, 128, 64, 64]          --                        --
│    └─EncodingBranch: 2-3                    [1, 128, 64, 64]          --                        --
│    │    └─Double3DConvBlock: 3-11           [1, 128, 1, 256, 64]      --                        --
│    │    │    └─Sequential: 4-7              [1, 128, 1, 256, 64]      --                        --
│    │    │    │    └─Conv3d: 5-31            [1, 128, 3, 256, 64]      3,584                     176,160,768
│    │    │    │    └─BatchNorm3d: 5-32       [1, 128, 3, 256, 64]      256                       256
│    │    │    │    └─LeakyReLU: 5-33         [1, 128, 3, 256, 64]      --                        --
│    │    │    │    └─Conv3d: 5-34            [1, 128, 1, 256, 64]      442,496                   7,249,854,464
│    │    │    │    └─BatchNorm3d: 5-35       [1, 128, 1, 256, 64]      256                       256
│    │    │    │    └─LeakyReLU: 5-36         [1, 128, 1, 256, 64]      --                        --
│    │    └─MaxPool2d: 3-12                   [1, 128, 128, 64]         --                        --
│    │    └─DoubleConvBlock: 3-13             [1, 128, 128, 64]         --                        --
│    │    │    └─Sequential: 4-8              [1, 128, 128, 64]         --                        --
│    │    │    │    └─Conv2d: 5-37            [1, 128, 128, 64]         147,584                   1,209,008,128
│    │    │    │    └─BatchNorm2d: 5-38       [1, 128, 128, 64]         256                       256
│    │    │    │    └─LeakyReLU: 5-39         [1, 128, 128, 64]         --                        --
│    │    │    │    └─Conv2d: 5-40            [1, 128, 128, 64]         147,584                   1,209,008,128
│    │    │    │    └─BatchNorm2d: 5-41       [1, 128, 128, 64]         256                       256
│    │    │    │    └─LeakyReLU: 5-42         [1, 128, 128, 64]         --                        --
│    │    └─MaxPool2d: 3-14                   [1, 128, 64, 64]          --                        --
│    │    └─ConvBlock: 3-15                   [1, 128, 64, 64]          --                        --
│    │    │    └─Sequential: 4-9              [1, 128, 64, 64]          --                        --
│    │    │    │    └─Conv2d: 5-43            [1, 128, 64, 64]          16,512                    67,633,152
│    │    │    │    └─BatchNorm2d: 5-44       [1, 128, 64, 64]          256                       256
│    │    │    │    └─LeakyReLU: 5-45         [1, 128, 64, 64]          --                        --
│    └─ASPPBlock: 2-4                         [1, 640, 64, 64]          --                        --
│    │    └─AvgPool2d: 3-16                   [1, 128, 1, 1]            --                        --
│    │    └─Conv2d: 3-17                      [1, 128, 64, 64]          16,512                    67,633,152
│    │    └─ConvBlock: 3-18                   [1, 128, 64, 64]          --                        --
│    │    │    └─Sequential: 4-10             [1, 128, 64, 64]          --                        --
│    │    │    │    └─Conv2d: 5-46            [1, 128, 64, 64]          16,512                    67,633,152
│    │    │    │    └─BatchNorm2d: 5-47       [1, 128, 64, 64]          256                       256
│    │    │    │    └─LeakyReLU: 5-48         [1, 128, 64, 64]          --                        --
│    │    └─ConvBlock: 3-19                   [1, 128, 64, 64]          --                        --
│    │    │    └─Sequential: 4-11             [1, 128, 64, 64]          --                        --
│    │    │    │    └─Conv2d: 5-49            [1, 128, 64, 64]          147,584                   604,504,064
│    │    │    │    └─BatchNorm2d: 5-50       [1, 128, 64, 64]          256                       256
│    │    │    │    └─LeakyReLU: 5-51         [1, 128, 64, 64]          --                        --
│    │    └─ConvBlock: 3-20                   [1, 128, 64, 64]          --                        --
│    │    │    └─Sequential: 4-12             [1, 128, 64, 64]          --                        --
│    │    │    │    └─Conv2d: 5-52            [1, 128, 64, 64]          147,584                   604,504,064
│    │    │    │    └─BatchNorm2d: 5-53       [1, 128, 64, 64]          256                       256
│    │    │    │    └─LeakyReLU: 5-54         [1, 128, 64, 64]          --                        --
│    │    └─ConvBlock: 3-21                   [1, 128, 64, 64]          --                        --
│    │    │    └─Sequential: 4-13             [1, 128, 64, 64]          --                        --
│    │    │    │    └─Conv2d: 5-55            [1, 128, 64, 64]          147,584                   604,504,064
│    │    │    │    └─BatchNorm2d: 5-56       [1, 128, 64, 64]          256                       256
│    │    │    │    └─LeakyReLU: 5-57         [1, 128, 64, 64]          --                        --
│    └─ASPPBlock: 2-5                         [1, 640, 64, 64]          --                        --
│    │    └─AvgPool2d: 3-22                   [1, 128, 1, 1]            --                        --
│    │    └─Conv2d: 3-23                      [1, 128, 64, 64]          16,512                    67,633,152
│    │    └─ConvBlock: 3-24                   [1, 128, 64, 64]          --                        --
│    │    │    └─Sequential: 4-14             [1, 128, 64, 64]          --                        --
│    │    │    │    └─Conv2d: 5-58            [1, 128, 64, 64]          16,512                    67,633,152
│    │    │    │    └─BatchNorm2d: 5-59       [1, 128, 64, 64]          256                       256
│    │    │    │    └─LeakyReLU: 5-60         [1, 128, 64, 64]          --                        --
│    │    └─ConvBlock: 3-25                   [1, 128, 64, 64]          --                        --
│    │    │    └─Sequential: 4-15             [1, 128, 64, 64]          --                        --
│    │    │    │    └─Conv2d: 5-61            [1, 128, 64, 64]          147,584                   604,504,064
│    │    │    │    └─BatchNorm2d: 5-62       [1, 128, 64, 64]          256                       256
│    │    │    │    └─LeakyReLU: 5-63         [1, 128, 64, 64]          --                        --
│    │    └─ConvBlock: 3-26                   [1, 128, 64, 64]          --                        --
│    │    │    └─Sequential: 4-16             [1, 128, 64, 64]          --                        --
│    │    │    │    └─Conv2d: 5-64            [1, 128, 64, 64]          147,584                   604,504,064
│    │    │    │    └─BatchNorm2d: 5-65       [1, 128, 64, 64]          256                       256
│    │    │    │    └─LeakyReLU: 5-66         [1, 128, 64, 64]          --                        --
│    │    └─ConvBlock: 3-27                   [1, 128, 64, 64]          --                        --
│    │    │    └─Sequential: 4-17             [1, 128, 64, 64]          --                        --
│    │    │    │    └─Conv2d: 5-67            [1, 128, 64, 64]          147,584                   604,504,064
│    │    │    │    └─BatchNorm2d: 5-68       [1, 128, 64, 64]          256                       256
│    │    │    │    └─LeakyReLU: 5-69         [1, 128, 64, 64]          --                        --
│    └─ASPPBlock: 2-6                         [1, 640, 64, 64]          --                        --
│    │    └─AvgPool2d: 3-28                   [1, 128, 1, 1]            --                        --
│    │    └─Conv2d: 3-29                      [1, 128, 64, 64]          16,512                    67,633,152
│    │    └─ConvBlock: 3-30                   [1, 128, 64, 64]          --                        --
│    │    │    └─Sequential: 4-18             [1, 128, 64, 64]          --                        --
│    │    │    │    └─Conv2d: 5-70            [1, 128, 64, 64]          16,512                    67,633,152
│    │    │    │    └─BatchNorm2d: 5-71       [1, 128, 64, 64]          256                       256
│    │    │    │    └─LeakyReLU: 5-72         [1, 128, 64, 64]          --                        --
│    │    └─ConvBlock: 3-31                   [1, 128, 64, 64]          --                        --
│    │    │    └─Sequential: 4-19             [1, 128, 64, 64]          --                        --
│    │    │    │    └─Conv2d: 5-73            [1, 128, 64, 64]          147,584                   604,504,064
│    │    │    │    └─BatchNorm2d: 5-74       [1, 128, 64, 64]          256                       256
│    │    │    │    └─LeakyReLU: 5-75         [1, 128, 64, 64]          --                        --
│    │    └─ConvBlock: 3-32                   [1, 128, 64, 64]          --                        --
│    │    │    └─Sequential: 4-20             [1, 128, 64, 64]          --                        --
│    │    │    │    └─Conv2d: 5-76            [1, 128, 64, 64]          147,584                   604,504,064
│    │    │    │    └─BatchNorm2d: 5-77       [1, 128, 64, 64]          256                       256
│    │    │    │    └─LeakyReLU: 5-78         [1, 128, 64, 64]          --                        --
│    │    └─ConvBlock: 3-33                   [1, 128, 64, 64]          --                        --
│    │    │    └─Sequential: 4-21             [1, 128, 64, 64]          --                        --
│    │    │    │    └─Conv2d: 5-79            [1, 128, 64, 64]          147,584                   604,504,064
│    │    │    │    └─BatchNorm2d: 5-80       [1, 128, 64, 64]          256                       256
│    │    │    │    └─LeakyReLU: 5-81         [1, 128, 64, 64]          --                        --
│    └─ConvBlock: 2-7                         [1, 128, 64, 64]          --                        --
│    │    └─Sequential: 3-34                  [1, 128, 64, 64]          --                        --
│    │    │    └─Conv2d: 4-22                 [1, 128, 64, 64]          82,048                    336,068,608
│    │    │    └─BatchNorm2d: 4-23            [1, 128, 64, 64]          256                       256
│    │    │    └─LeakyReLU: 4-24              [1, 128, 64, 64]          --                        --
│    └─ConvBlock: 2-8                         [1, 128, 64, 64]          --                        --
│    │    └─Sequential: 3-35                  [1, 128, 64, 64]          --                        --
│    │    │    └─Conv2d: 4-25                 [1, 128, 64, 64]          82,048                    336,068,608
│    │    │    └─BatchNorm2d: 4-26            [1, 128, 64, 64]          256                       256
│    │    │    └─LeakyReLU: 4-27              [1, 128, 64, 64]          --                        --
│    └─ConvBlock: 2-9                         [1, 128, 64, 64]          --                        --
│    │    └─Sequential: 3-36                  [1, 128, 64, 64]          --                        --
│    │    │    └─Conv2d: 4-28                 [1, 128, 64, 64]          82,048                    336,068,608
│    │    │    └─BatchNorm2d: 4-29            [1, 128, 64, 64]          256                       256
│    │    │    └─LeakyReLU: 4-30              [1, 128, 64, 64]          --                        --
├─TMVANet_Decoder: 1-2                        [1, 4, 256, 64]           --                        --
│    └─ConvBlock: 2-10                        [1, 128, 64, 64]          --                        --
│    │    └─Sequential: 3-37                  [1, 128, 64, 64]          --                        --
│    │    │    └─Conv2d: 4-31                 [1, 128, 64, 64]          49,280                    201,850,880
│    │    │    └─BatchNorm2d: 4-32            [1, 128, 64, 64]          256                       256
│    │    │    └─LeakyReLU: 4-33              [1, 128, 64, 64]          --                        --
│    └─ConvBlock: 2-11                        [1, 128, 64, 64]          --                        --
│    │    └─Sequential: 3-38                  [1, 128, 64, 64]          --                        --
│    │    │    └─Conv2d: 4-34                 [1, 128, 64, 64]          49,280                    201,850,880
│    │    │    └─BatchNorm2d: 4-35            [1, 128, 64, 64]          256                       256
│    │    │    └─LeakyReLU: 4-36              [1, 128, 64, 64]          --                        --
│    └─ConvTranspose2d: 2-12                  [1, 128, 128, 64]         98,432                    806,354,944
│    └─ConvTranspose2d: 2-13                  [1, 128, 128, 128]        196,736                   3,223,322,624
│    └─DoubleConvBlock: 2-14                  [1, 128, 128, 64]         --                        --
│    │    └─Sequential: 3-39                  [1, 128, 128, 64]         --                        --
│    │    │    └─Conv2d: 4-37                 [1, 128, 128, 64]         147,584                   1,209,008,128
│    │    │    └─BatchNorm2d: 4-38            [1, 128, 128, 64]         256                       256
│    │    │    └─LeakyReLU: 4-39              [1, 128, 128, 64]         --                        --
│    │    │    └─Conv2d: 4-40                 [1, 128, 128, 64]         147,584                   1,209,008,128
│    │    │    └─BatchNorm2d: 4-41            [1, 128, 128, 64]         256                       256
│    │    │    └─LeakyReLU: 4-42              [1, 128, 128, 64]         --                        --
│    └─DoubleConvBlock: 2-15                  [1, 128, 128, 128]        --                        --
│    │    └─Sequential: 3-40                  [1, 128, 128, 128]        --                        --
│    │    │    └─Conv2d: 4-43                 [1, 128, 128, 128]        147,584                   2,418,016,256
│    │    │    └─BatchNorm2d: 4-44            [1, 128, 128, 128]        256                       256
│    │    │    └─LeakyReLU: 4-45              [1, 128, 128, 128]        --                        --
│    │    │    └─Conv2d: 4-46                 [1, 128, 128, 128]        147,584                   2,418,016,256
│    │    │    └─BatchNorm2d: 4-47            [1, 128, 128, 128]        256                       256
│    │    │    └─LeakyReLU: 4-48              [1, 128, 128, 128]        --                        --
│    └─ConvTranspose2d: 2-16                  [1, 128, 256, 64]         32,896                    538,968,064
│    └─ConvTranspose2d: 2-17                  [1, 128, 256, 256]        65,664                    4,303,355,904
│    └─DoubleConvBlock: 2-18                  [1, 128, 256, 64]         --                        --
│    │    └─Sequential: 3-41                  [1, 128, 256, 64]         --                        --
│    │    │    └─Conv2d: 4-49                 [1, 128, 256, 64]         147,584                   2,418,016,256
│    │    │    └─BatchNorm2d: 4-50            [1, 128, 256, 64]         256                       256
│    │    │    └─LeakyReLU: 4-51              [1, 128, 256, 64]         --                        --
│    │    │    └─Conv2d: 4-52                 [1, 128, 256, 64]         147,584                   2,418,016,256
│    │    │    └─BatchNorm2d: 4-53            [1, 128, 256, 64]         256                       256
│    │    │    └─LeakyReLU: 4-54              [1, 128, 256, 64]         --                        --
│    └─DoubleConvBlock: 2-19                  [1, 128, 256, 256]        --                        --
│    │    └─Sequential: 3-42                  [1, 128, 256, 256]        --                        --
│    │    │    └─Conv2d: 4-55                 [1, 128, 256, 256]        147,584                   9,672,065,024
│    │    │    └─BatchNorm2d: 4-56            [1, 128, 256, 256]        256                       256
│    │    │    └─LeakyReLU: 4-57              [1, 128, 256, 256]        --                        --
│    │    │    └─Conv2d: 4-58                 [1, 128, 256, 256]        147,584                   9,672,065,024
│    │    │    └─BatchNorm2d: 4-59            [1, 128, 256, 256]        256                       256
│    │    │    └─LeakyReLU: 4-60              [1, 128, 256, 256]        --                        --
│    └─Conv2d: 2-20                           [1, 4, 256, 64]           516                       8,454,144
│    └─Conv2d: 2-21                           [1, 4, 256, 256]          516                       33,816,576
========================================================================================================================
Total params: 5,630,984
Trainable params: 5,630,984
Non-trainable params: 0
Total mult-adds (G): 102.04
========================================================================================================================
Input size (MB): 1.97
Forward/backward pass size (MB): 1667.76
Params size (MB): 22.52
Estimated Total Size (MB): 1692.25
========================================================================================================================
