==========================================================================================
Layer (type:depth-idx)                   Output Shape              Param #
==========================================================================================
ReuseLinearExtended                      [2, 10]                   --
└─Sequential: 1-1                        [2, 10]                   --
     ├─Linear: 2-1                       [2, 10]                   110
     ├─ReLU: 2-2                         [2, 10]                   --
     ├─Linear: 2-3                       [2, 10]                   (recursive)
     ├─ReLU: 2-4                         [2, 10]                   --
     ├─Linear: 2-5                       [2, 10]                   (recursive)
     ├─ReLU: 2-6                         [2, 10]                   --
     ├─Linear: 2-7                       [2, 10]                   (recursive)
     └─ReLU: 2-8                         [2, 10]                   --
==========================================================================================
Total params: 110
Trainable params: 110
Non-trainable params: 0
Total mult-adds (M): 0.00
==========================================================================================
Input size (MB): 0.00
Forward/backward pass size (MB): 0.00
Params size (MB): 0.00
Estimated Total Size (MB): 0.00
==========================================================================================
==========================================================================================
Layer (type:depth-idx)                   Output Shape              Param #
==========================================================================================
ReuseLinearExtended                      [2, 10]                   --
└─Sequential: 1-1                        [2, 10]                   --
     ├─Linear: 2-1                       [2, 10]                   110
     ├─ReLU: 2-2                         [2, 10]                   --
     ├─Linear: 2-3                       [2, 10]                   (recursive)
     ├─ReLU: 2-4                         [2, 10]                   --
     ├─Linear: 2-5                       [2, 10]                   (recursive)
     ├─ReLU: 2-6                         [2, 10]                   --
     ├─Linear: 2-7                       [2, 10]                   (recursive)
     └─ReLU: 2-8                         [2, 10]                   --
==========================================================================================
Total params: 110
Trainable params: 110
Non-trainable params: 0
Total mult-adds (M): 0.00
==========================================================================================
Input size (MB): 0.00
Forward/backward pass size (MB): 0.00
Params size (MB): 0.00
Estimated Total Size (MB): 0.00
==========================================================================================
