============================================================================================================================================
Layer (type:depth-idx)                   Kernel Shape              Input Shape               Output Shape              Trainable
============================================================================================================================================
MixedTrainable                           --                        --                        --                        Partial
├─Conv1d: 1-1                            [1]                       [1, 1, 1]                 [1, 1, 1]                 True
├─Conv1d: 1-2                            [1]                       [1, 1, 1]                 [1, 1, 1]                 Partial
├─Conv1d: 1-3                            [1]                       [1, 1, 1]                 [1, 1, 1]                 False
├─Dropout: 1-4                           --                        [1, 1, 1]                 [1, 1, 1]                 --
============================================================================================================================================
Total params: 6
Trainable params: 3
Non-trainable params: 3
Total mult-adds (M): 0.00
============================================================================================================================================
Input size (MB): 0.00
Forward/backward pass size (MB): 0.00
Params size (MB): 0.00
Estimated Total Size (MB): 0.00
============================================================================================================================================
