=================================================================
Layer (type:depth-idx)                   Param #
=================================================================
UninitializedParameterModel              --
=================================================================
Total params: 0
Trainable params: 0
Non-trainable params: 0
=================================================================
